[2024-11-08T03:56:32.319+0700][gc,heap] Heap region size: 1M
[2024-11-08T03:56:32.326+0700][gc     ] Using G1
[2024-11-08T03:56:32.326+0700][gc,heap,coops] Heap address: 0x00000000c0000000, size: 1024 MB, Compressed Oops mode: 32-bit
[2024-11-08T03:56:32.327+0700][gc,cds       ] Mark closed archive regions in map: [0x00000000fff00000, 0x00000000fff6bff8]
[2024-11-08T03:56:32.327+0700][gc,cds       ] Mark open archive regions in map: [0x00000000ffe00000, 0x00000000ffe47ff8]
[2024-11-08T03:56:35.308+0700][gc,start     ] GC(0) Pause Young (Normal) (G1 Evacuation Pause)
[2024-11-08T03:56:35.309+0700][gc,task      ] GC(0) Using 8 workers of 8 for evacuation
[2024-11-08T03:56:35.326+0700][gc,phases    ] GC(0)   Pre Evacuate Collection Set: 0.0ms
[2024-11-08T03:56:35.326+0700][gc,phases    ] GC(0)   Evacuate Collection Set: 15.1ms
[2024-11-08T03:56:35.326+0700][gc,phases    ] GC(0)   Post Evacuate Collection Set: 0.9ms
[2024-11-08T03:56:35.327+0700][gc,phases    ] GC(0)   Other: 2.0ms
[2024-11-08T03:56:35.327+0700][gc,heap      ] GC(0) Eden regions: 51->0(44)
[2024-11-08T03:56:35.327+0700][gc,heap      ] GC(0) Survivor regions: 0->7(7)
[2024-11-08T03:56:35.327+0700][gc,heap      ] GC(0) Old regions: 2->3
[2024-11-08T03:56:35.327+0700][gc,heap      ] GC(0) Humongous regions: 0->0
[2024-11-08T03:56:35.328+0700][gc,metaspace ] GC(0) Metaspace: 13354K(13952K)->13354K(13952K) NonClass: 11663K(12032K)->11663K(12032K) Class: 1691K(1920K)->1691K(1920K)
[2024-11-08T03:56:35.328+0700][gc           ] GC(0) Pause Young (Normal) (G1 Evacuation Pause) 51M->8M(1024M) 20.306ms
[2024-11-08T03:56:35.328+0700][gc,cpu       ] GC(0) User=0.11s Sys=0.01s Real=0.02s
[2024-11-08T03:56:36.583+0700][gc,start     ] GC(1) Pause Young (Concurrent Start) (Metadata GC Threshold)
[2024-11-08T03:56:36.583+0700][gc,task      ] GC(1) Using 8 workers of 8 for evacuation
[2024-11-08T03:56:36.591+0700][gc,phases    ] GC(1)   Pre Evacuate Collection Set: 0.1ms
[2024-11-08T03:56:36.592+0700][gc,phases    ] GC(1)   Evacuate Collection Set: 6.9ms
[2024-11-08T03:56:36.592+0700][gc,phases    ] GC(1)   Post Evacuate Collection Set: 0.7ms
[2024-11-08T03:56:36.592+0700][gc,phases    ] GC(1)   Other: 0.7ms
[2024-11-08T03:56:36.593+0700][gc,heap      ] GC(1) Eden regions: 36->0(49)
[2024-11-08T03:56:36.593+0700][gc,heap      ] GC(1) Survivor regions: 7->2(7)
[2024-11-08T03:56:36.593+0700][gc,heap      ] GC(1) Old regions: 3->10
[2024-11-08T03:56:36.593+0700][gc,heap      ] GC(1) Humongous regions: 0->0
[2024-11-08T03:56:36.594+0700][gc,metaspace ] GC(1) Metaspace: 20571K(21248K)->20571K(21248K) NonClass: 18043K(18432K)->18043K(18432K) Class: 2527K(2816K)->2527K(2816K)
[2024-11-08T03:56:36.594+0700][gc           ] GC(1) Pause Young (Concurrent Start) (Metadata GC Threshold) 43M->9M(1024M) 10.763ms
[2024-11-08T03:56:36.594+0700][gc,cpu       ] GC(1) User=0.04s Sys=0.00s Real=0.01s
[2024-11-08T03:56:36.594+0700][gc           ] GC(2) Concurrent Cycle
[2024-11-08T03:56:36.594+0700][gc,marking   ] GC(2) Concurrent Clear Claimed Marks
[2024-11-08T03:56:36.595+0700][gc,marking   ] GC(2) Concurrent Clear Claimed Marks 0.215ms
[2024-11-08T03:56:36.595+0700][gc,marking   ] GC(2) Concurrent Scan Root Regions
[2024-11-08T03:56:36.606+0700][gc,marking   ] GC(2) Concurrent Scan Root Regions 11.509ms
[2024-11-08T03:56:36.607+0700][gc,marking   ] GC(2) Concurrent Mark (4.336s)
[2024-11-08T03:56:36.607+0700][gc,marking   ] GC(2) Concurrent Mark From Roots
[2024-11-08T03:56:36.607+0700][gc,task      ] GC(2) Using 2 workers of 2 for marking
[2024-11-08T03:56:36.612+0700][gc,marking   ] GC(2) Concurrent Mark From Roots 4.986ms
[2024-11-08T03:56:36.612+0700][gc,marking   ] GC(2) Concurrent Preclean
[2024-11-08T03:56:36.612+0700][gc,marking   ] GC(2) Concurrent Preclean 0.306ms
[2024-11-08T03:56:36.613+0700][gc,marking   ] GC(2) Concurrent Mark (4.336s, 4.342s) 6.181ms
[2024-11-08T03:56:36.613+0700][gc,start     ] GC(2) Pause Remark
[2024-11-08T03:56:36.619+0700][gc,stringtable] GC(2) Cleaned string and symbol table, strings: 5783 processed, 0 removed, symbols: 54306 processed, 46 removed
[2024-11-08T03:56:36.619+0700][gc            ] GC(2) Pause Remark 10M->10M(1024M) 6.245ms
[2024-11-08T03:56:36.620+0700][gc,cpu        ] GC(2) User=0.01s Sys=0.00s Real=0.01s
[2024-11-08T03:56:36.620+0700][gc,marking    ] GC(2) Concurrent Rebuild Remembered Sets
[2024-11-08T03:56:36.624+0700][gc,marking    ] GC(2) Concurrent Rebuild Remembered Sets 3.235ms
[2024-11-08T03:56:36.624+0700][gc,start      ] GC(2) Pause Cleanup
[2024-11-08T03:56:36.625+0700][gc            ] GC(2) Pause Cleanup 10M->10M(1024M) 0.553ms
[2024-11-08T03:56:36.625+0700][gc,cpu        ] GC(2) User=0.00s Sys=0.00s Real=0.00s
[2024-11-08T03:56:36.625+0700][gc,marking    ] GC(2) Concurrent Cleanup for Next Mark
[2024-11-08T03:56:36.629+0700][gc,marking    ] GC(2) Concurrent Cleanup for Next Mark 3.473ms
[2024-11-08T03:56:36.629+0700][gc            ] GC(2) Concurrent Cycle 34.703ms
[2024-11-08T03:56:42.225+0700][gc,start      ] GC(3) Pause Young (Normal) (G1 Evacuation Pause)
[2024-11-08T03:56:42.225+0700][gc,task       ] GC(3) Using 8 workers of 8 for evacuation
[2024-11-08T03:56:42.228+0700][gc,phases     ] GC(3)   Pre Evacuate Collection Set: 0.1ms
[2024-11-08T03:56:42.229+0700][gc,phases     ] GC(3)   Evacuate Collection Set: 2.2ms
[2024-11-08T03:56:42.229+0700][gc,phases     ] GC(3)   Post Evacuate Collection Set: 0.6ms
[2024-11-08T03:56:42.229+0700][gc,phases     ] GC(3)   Other: 0.6ms
[2024-11-08T03:56:42.230+0700][gc,heap       ] GC(3) Eden regions: 49->0(47)
[2024-11-08T03:56:42.230+0700][gc,heap       ] GC(3) Survivor regions: 2->4(7)
[2024-11-08T03:56:42.231+0700][gc,heap       ] GC(3) Old regions: 10->10
[2024-11-08T03:56:42.231+0700][gc,heap       ] GC(3) Humongous regions: 129->129
[2024-11-08T03:56:42.231+0700][gc,metaspace  ] GC(3) Metaspace: 28065K(29184K)->28065K(29184K) NonClass: 24767K(25344K)->24767K(25344K) Class: 3298K(3840K)->3298K(3840K)
[2024-11-08T03:56:42.231+0700][gc            ] GC(3) Pause Young (Normal) (G1 Evacuation Pause) 187M->140M(1024M) 6.428ms
[2024-11-08T03:56:42.232+0700][gc,cpu        ] GC(3) User=0.02s Sys=0.01s Real=0.01s
[2024-11-08T03:56:43.190+0700][gc,start      ] GC(4) Pause Young (Concurrent Start) (Metadata GC Threshold)
[2024-11-08T03:56:43.190+0700][gc,task       ] GC(4) Using 8 workers of 8 for evacuation
[2024-11-08T03:56:43.200+0700][gc,phases     ] GC(4)   Pre Evacuate Collection Set: 0.1ms
[2024-11-08T03:56:43.200+0700][gc,phases     ] GC(4)   Evacuate Collection Set: 8.0ms
[2024-11-08T03:56:43.200+0700][gc,phases     ] GC(4)   Post Evacuate Collection Set: 0.7ms
[2024-11-08T03:56:43.201+0700][gc,phases     ] GC(4)   Other: 1.0ms
[2024-11-08T03:56:43.201+0700][gc,heap       ] GC(4) Eden regions: 43->0(44)
[2024-11-08T03:56:43.201+0700][gc,heap       ] GC(4) Survivor regions: 4->7(7)
[2024-11-08T03:56:43.201+0700][gc,heap       ] GC(4) Old regions: 10->10
[2024-11-08T03:56:43.201+0700][gc,heap       ] GC(4) Humongous regions: 129->129
[2024-11-08T03:56:43.202+0700][gc,metaspace  ] GC(4) Metaspace: 34330K(35840K)->34330K(35840K) NonClass: 30317K(31232K)->30317K(31232K) Class: 4012K(4608K)->4012K(4608K)
[2024-11-08T03:56:43.202+0700][gc            ] GC(4) Pause Young (Concurrent Start) (Metadata GC Threshold) 182M->143M(1024M) 11.799ms
[2024-11-08T03:56:43.202+0700][gc,cpu        ] GC(4) User=0.05s Sys=0.00s Real=0.01s
[2024-11-08T03:56:43.202+0700][gc            ] GC(5) Concurrent Cycle
[2024-11-08T03:56:43.203+0700][gc,marking    ] GC(5) Concurrent Clear Claimed Marks
[2024-11-08T03:56:43.203+0700][gc,marking    ] GC(5) Concurrent Clear Claimed Marks 0.351ms
[2024-11-08T03:56:43.203+0700][gc,marking    ] GC(5) Concurrent Scan Root Regions
[2024-11-08T03:56:43.208+0700][gc,marking    ] GC(5) Concurrent Scan Root Regions 4.512ms
[2024-11-08T03:56:43.208+0700][gc,marking    ] GC(5) Concurrent Mark (10.938s)
[2024-11-08T03:56:43.208+0700][gc,marking    ] GC(5) Concurrent Mark From Roots
[2024-11-08T03:56:43.209+0700][gc,task       ] GC(5) Using 2 workers of 2 for marking
[2024-11-08T03:56:43.215+0700][gc,marking    ] GC(5) Concurrent Mark From Roots 6.748ms
[2024-11-08T03:56:43.215+0700][gc,marking    ] GC(5) Concurrent Preclean
[2024-11-08T03:56:43.216+0700][gc,marking    ] GC(5) Concurrent Preclean 0.397ms
[2024-11-08T03:56:43.216+0700][gc,marking    ] GC(5) Concurrent Mark (10.938s, 10.946s) 8.016ms
[2024-11-08T03:56:43.217+0700][gc,start      ] GC(5) Pause Remark
[2024-11-08T03:56:43.220+0700][gc,stringtable] GC(5) Cleaned string and symbol table, strings: 10059 processed, 8 removed, symbols: 84438 processed, 17 removed
[2024-11-08T03:56:43.221+0700][gc            ] GC(5) Pause Remark 144M->144M(1024M) 3.513ms
[2024-11-08T03:56:43.221+0700][gc,cpu        ] GC(5) User=0.03s Sys=0.00s Real=0.01s
[2024-11-08T03:56:43.221+0700][gc,marking    ] GC(5) Concurrent Rebuild Remembered Sets
[2024-11-08T03:56:43.224+0700][gc,marking    ] GC(5) Concurrent Rebuild Remembered Sets 3.023ms
[2024-11-08T03:56:43.225+0700][gc,start      ] GC(5) Pause Cleanup
[2024-11-08T03:56:43.225+0700][gc            ] GC(5) Pause Cleanup 145M->145M(1024M) 0.487ms
[2024-11-08T03:56:43.226+0700][gc,cpu        ] GC(5) User=0.00s Sys=0.00s Real=0.00s
[2024-11-08T03:56:43.226+0700][gc,marking    ] GC(5) Concurrent Cleanup for Next Mark
[2024-11-08T03:56:43.233+0700][gc,marking    ] GC(5) Concurrent Cleanup for Next Mark 7.195ms
[2024-11-08T03:56:43.234+0700][gc            ] GC(5) Concurrent Cycle 31.391ms
[2024-11-08T03:59:56.797+0700][gc,start      ] GC(6) Pause Young (Normal) (G1 Evacuation Pause)
[2024-11-08T03:59:56.797+0700][gc,task       ] GC(6) Using 8 workers of 8 for evacuation
[2024-11-08T03:59:56.812+0700][gc,phases     ] GC(6)   Pre Evacuate Collection Set: 0.2ms
[2024-11-08T03:59:56.812+0700][gc,phases     ] GC(6)   Evacuate Collection Set: 13.0ms
[2024-11-08T03:59:56.812+0700][gc,phases     ] GC(6)   Post Evacuate Collection Set: 1.2ms
[2024-11-08T03:59:56.813+0700][gc,phases     ] GC(6)   Other: 0.7ms
[2024-11-08T03:59:56.813+0700][gc,heap       ] GC(6) Eden regions: 44->0(48)
[2024-11-08T03:59:56.813+0700][gc,heap       ] GC(6) Survivor regions: 7->3(7)
[2024-11-08T03:59:56.814+0700][gc,heap       ] GC(6) Old regions: 10->16
[2024-11-08T03:59:56.814+0700][gc,heap       ] GC(6) Humongous regions: 141->129
[2024-11-08T03:59:56.814+0700][gc,metaspace  ] GC(6) Metaspace: 40964K(43008K)->40964K(43008K) NonClass: 35855K(36864K)->35855K(36864K) Class: 5108K(6144K)->5108K(6144K)
[2024-11-08T03:59:56.815+0700][gc            ] GC(6) Pause Young (Normal) (G1 Evacuation Pause) 199M->145M(1024M) 17.913ms
[2024-11-08T03:59:56.815+0700][gc,cpu        ] GC(6) User=0.09s Sys=0.00s Real=0.02s
[2024-11-08T04:23:21.884+0700][gc,heap,exit  ] Heap
[2024-11-08T04:23:21.885+0700][gc,heap,exit  ]  garbage-first heap   total 1048576K, used 193451K [0x00000000c0000000, 0x0000000100000000)
[2024-11-08T04:23:21.885+0700][gc,heap,exit  ]   region size 1024K, 48 young (49152K), 3 survivors (3072K)
[2024-11-08T04:23:21.886+0700][gc,heap,exit  ]  Metaspace       used 42307K, capacity 44593K, committed 44672K, reserved 1087488K
[2024-11-08T04:23:21.886+0700][gc,heap,exit  ]   class space    used 5367K, capacity 6489K, committed 6528K, reserved 1048576K
