[2024-11-08T04:17:49.707+0700][gc,heap] Heap region size: 1M
[2024-11-08T04:17:49.713+0700][gc     ] Using G1
[2024-11-08T04:17:49.713+0700][gc,heap,coops] Heap address: 0x00000000c0000000, size: 1024 MB, Compressed Oops mode: 32-bit
[2024-11-08T04:17:49.714+0700][gc,cds       ] Mark closed archive regions in map: [0x00000000fff00000, 0x00000000fff6bff8]
[2024-11-08T04:17:49.715+0700][gc,cds       ] Mark open archive regions in map: [0x00000000ffe00000, 0x00000000ffe47ff8]
[2024-11-08T04:17:50.914+0700][gc,heap,exit ] Heap
[2024-11-08T04:17:50.915+0700][gc,heap,exit ]  garbage-first heap   total 1048576K, used 36560K [0x00000000c0000000, 0x0000000100000000)
[2024-11-08T04:17:50.916+0700][gc,heap,exit ]   region size 1024K, 36 young (36864K), 0 survivors (0K)
[2024-11-08T04:17:50.917+0700][gc,heap,exit ]  Metaspace       used 9804K, capacity 10128K, committed 10368K, reserved 1058816K
[2024-11-08T04:17:50.917+0700][gc,heap,exit ]   class space    used 1202K, capacity 1341K, committed 1408K, reserved 1048576K
