[2024-11-08T04:24:06.465+0700][gc,heap] Heap region size: 1M
[2024-11-08T04:24:06.471+0700][gc     ] Using G1
[2024-11-08T04:24:06.471+0700][gc,heap,coops] Heap address: 0x00000000c0000000, size: 1024 MB, Compressed Oops mode: 32-bit
[2024-11-08T04:24:06.472+0700][gc,cds       ] Mark closed archive regions in map: [0x00000000fff00000, 0x00000000fff6bff8]
[2024-11-08T04:24:06.472+0700][gc,cds       ] Mark open archive regions in map: [0x00000000ffe00000, 0x00000000ffe47ff8]
[2024-11-08T04:24:08.025+0700][gc,start     ] GC(0) Pause Young (Normal) (G1 Evacuation Pause)
[2024-11-08T04:24:08.028+0700][gc,task      ] GC(0) Using 8 workers of 8 for evacuation
[2024-11-08T04:24:08.042+0700][gc,phases    ] GC(0)   Pre Evacuate Collection Set: 0.0ms
[2024-11-08T04:24:08.043+0700][gc,phases    ] GC(0)   Evacuate Collection Set: 12.6ms
[2024-11-08T04:24:08.043+0700][gc,phases    ] GC(0)   Post Evacuate Collection Set: 0.8ms
[2024-11-08T04:24:08.044+0700][gc,phases    ] GC(0)   Other: 3.2ms
[2024-11-08T04:24:08.044+0700][gc,heap      ] GC(0) Eden regions: 51->0(44)
[2024-11-08T04:24:08.044+0700][gc,heap      ] GC(0) Survivor regions: 0->7(7)
[2024-11-08T04:24:08.045+0700][gc,heap      ] GC(0) Old regions: 2->3
[2024-11-08T04:24:08.045+0700][gc,heap      ] GC(0) Humongous regions: 0->0
[2024-11-08T04:24:08.045+0700][gc,metaspace ] GC(0) Metaspace: 13340K(13952K)->13340K(13952K) NonClass: 11653K(12032K)->11653K(12032K) Class: 1687K(1920K)->1687K(1920K)
[2024-11-08T04:24:08.045+0700][gc           ] GC(0) Pause Young (Normal) (G1 Evacuation Pause) 51M->8M(1024M) 19.814ms
[2024-11-08T04:24:08.045+0700][gc,cpu       ] GC(0) User=0.09s Sys=0.01s Real=0.02s
[2024-11-08T04:24:08.126+0700][gc,heap,exit ] Heap
[2024-11-08T04:24:08.126+0700][gc,heap,exit ]  garbage-first heap   total 1048576K, used 11599K [0x00000000c0000000, 0x0000000100000000)
[2024-11-08T04:24:08.127+0700][gc,heap,exit ]   region size 1024K, 11 young (11264K), 7 survivors (7168K)
[2024-11-08T04:24:08.127+0700][gc,heap,exit ]  Metaspace       used 13941K, capacity 14449K, committed 14592K, reserved 1062912K
[2024-11-08T04:24:08.128+0700][gc,heap,exit ]   class space    used 1784K, capacity 1987K, committed 2048K, reserved 1048576K
