[2024-11-08T04:23:28.695+0700][gc,heap] Heap region size: 1M
[2024-11-08T04:23:28.702+0700][gc     ] Using G1
[2024-11-08T04:23:28.702+0700][gc,heap,coops] Heap address: 0x00000000c0000000, size: 1024 MB, Compressed Oops mode: 32-bit
[2024-11-08T04:23:28.703+0700][gc,cds       ] Mark closed archive regions in map: [0x00000000fff00000, 0x00000000fff6bff8]
[2024-11-08T04:23:28.704+0700][gc,cds       ] Mark open archive regions in map: [0x00000000ffe00000, 0x00000000ffe47ff8]
[2024-11-08T04:23:30.121+0700][gc,start     ] GC(0) Pause Young (Normal) (G1 Evacuation Pause)
[2024-11-08T04:23:30.123+0700][gc,task      ] GC(0) Using 8 workers of 8 for evacuation
[2024-11-08T04:23:30.137+0700][gc,phases    ] GC(0)   Pre Evacuate Collection Set: 0.0ms
[2024-11-08T04:23:30.137+0700][gc,phases    ] GC(0)   Evacuate Collection Set: 12.1ms
[2024-11-08T04:23:30.137+0700][gc,phases    ] GC(0)   Post Evacuate Collection Set: 0.9ms
[2024-11-08T04:23:30.138+0700][gc,phases    ] GC(0)   Other: 3.1ms
[2024-11-08T04:23:30.138+0700][gc,heap      ] GC(0) Eden regions: 51->0(44)
[2024-11-08T04:23:30.139+0700][gc,heap      ] GC(0) Survivor regions: 0->7(7)
[2024-11-08T04:23:30.139+0700][gc,heap      ] GC(0) Old regions: 2->3
[2024-11-08T04:23:30.139+0700][gc,heap      ] GC(0) Humongous regions: 0->0
[2024-11-08T04:23:30.140+0700][gc,metaspace ] GC(0) Metaspace: 13352K(13952K)->13352K(13952K) NonClass: 11661K(12032K)->11661K(12032K) Class: 1691K(1920K)->1691K(1920K)
[2024-11-08T04:23:30.140+0700][gc           ] GC(0) Pause Young (Normal) (G1 Evacuation Pause) 51M->8M(1024M) 19.249ms
[2024-11-08T04:23:30.140+0700][gc,cpu       ] GC(0) User=0.03s Sys=0.07s Real=0.02s
[2024-11-08T04:23:31.197+0700][gc,start     ] GC(1) Pause Young (Concurrent Start) (Metadata GC Threshold)
[2024-11-08T04:23:31.198+0700][gc,task      ] GC(1) Using 8 workers of 8 for evacuation
[2024-11-08T04:23:31.207+0700][gc,phases    ] GC(1)   Pre Evacuate Collection Set: 0.1ms
[2024-11-08T04:23:31.207+0700][gc,phases    ] GC(1)   Evacuate Collection Set: 8.0ms
[2024-11-08T04:23:31.207+0700][gc,phases    ] GC(1)   Post Evacuate Collection Set: 0.6ms
[2024-11-08T04:23:31.208+0700][gc,phases    ] GC(1)   Other: 0.9ms
[2024-11-08T04:23:31.208+0700][gc,heap      ] GC(1) Eden regions: 36->0(49)
[2024-11-08T04:23:31.208+0700][gc,heap      ] GC(1) Survivor regions: 7->2(7)
[2024-11-08T04:23:31.209+0700][gc,heap      ] GC(1) Old regions: 3->10
[2024-11-08T04:23:31.209+0700][gc,heap      ] GC(1) Humongous regions: 0->0
[2024-11-08T04:23:31.209+0700][gc,metaspace ] GC(1) Metaspace: 20572K(21248K)->20572K(21248K) NonClass: 18043K(18432K)->18043K(18432K) Class: 2529K(2816K)->2529K(2816K)
[2024-11-08T04:23:31.210+0700][gc           ] GC(1) Pause Young (Concurrent Start) (Metadata GC Threshold) 43M->9M(1024M) 12.594ms
[2024-11-08T04:23:31.210+0700][gc,cpu       ] GC(1) User=0.06s Sys=0.00s Real=0.02s
[2024-11-08T04:23:31.210+0700][gc           ] GC(2) Concurrent Cycle
[2024-11-08T04:23:31.211+0700][gc,marking   ] GC(2) Concurrent Clear Claimed Marks
[2024-11-08T04:23:31.211+0700][gc,marking   ] GC(2) Concurrent Clear Claimed Marks 0.271ms
[2024-11-08T04:23:31.211+0700][gc,marking   ] GC(2) Concurrent Scan Root Regions
[2024-11-08T04:23:31.213+0700][gc,marking   ] GC(2) Concurrent Scan Root Regions 1.354ms
[2024-11-08T04:23:31.213+0700][gc,marking   ] GC(2) Concurrent Mark (2.567s)
[2024-11-08T04:23:31.213+0700][gc,marking   ] GC(2) Concurrent Mark From Roots
[2024-11-08T04:23:31.213+0700][gc,task      ] GC(2) Using 2 workers of 2 for marking
[2024-11-08T04:23:31.220+0700][gc,marking   ] GC(2) Concurrent Mark From Roots 6.951ms
[2024-11-08T04:23:31.220+0700][gc,marking   ] GC(2) Concurrent Preclean
[2024-11-08T04:23:31.221+0700][gc,marking   ] GC(2) Concurrent Preclean 0.319ms
[2024-11-08T04:23:31.221+0700][gc,marking   ] GC(2) Concurrent Mark (2.567s, 2.575s) 8.096ms
[2024-11-08T04:23:31.222+0700][gc,start     ] GC(2) Pause Remark
[2024-11-08T04:23:31.224+0700][gc,stringtable] GC(2) Cleaned string and symbol table, strings: 5775 processed, 0 removed, symbols: 54194 processed, 46 removed
[2024-11-08T04:23:31.225+0700][gc            ] GC(2) Pause Remark 10M->10M(1024M) 3.206ms
[2024-11-08T04:23:31.225+0700][gc,cpu        ] GC(2) User=0.01s Sys=0.00s Real=0.00s
[2024-11-08T04:23:31.226+0700][gc,marking    ] GC(2) Concurrent Rebuild Remembered Sets
[2024-11-08T04:23:31.228+0700][gc,marking    ] GC(2) Concurrent Rebuild Remembered Sets 2.447ms
[2024-11-08T04:23:31.229+0700][gc,start      ] GC(2) Pause Cleanup
[2024-11-08T04:23:31.229+0700][gc            ] GC(2) Pause Cleanup 10M->10M(1024M) 0.425ms
[2024-11-08T04:23:31.229+0700][gc,cpu        ] GC(2) User=0.00s Sys=0.00s Real=0.01s
[2024-11-08T04:23:31.230+0700][gc,marking    ] GC(2) Concurrent Cleanup for Next Mark
[2024-11-08T04:23:31.232+0700][gc,marking    ] GC(2) Concurrent Cleanup for Next Mark 2.841ms
[2024-11-08T04:23:31.233+0700][gc            ] GC(2) Concurrent Cycle 22.530ms
[2024-11-08T04:23:35.213+0700][gc,start      ] GC(3) Pause Young (Normal) (G1 Evacuation Pause)
[2024-11-08T04:23:35.214+0700][gc,task       ] GC(3) Using 8 workers of 8 for evacuation
[2024-11-08T04:23:35.217+0700][gc,phases     ] GC(3)   Pre Evacuate Collection Set: 0.0ms
[2024-11-08T04:23:35.217+0700][gc,phases     ] GC(3)   Evacuate Collection Set: 2.1ms
[2024-11-08T04:23:35.218+0700][gc,phases     ] GC(3)   Post Evacuate Collection Set: 0.7ms
[2024-11-08T04:23:35.218+0700][gc,phases     ] GC(3)   Other: 0.8ms
[2024-11-08T04:23:35.218+0700][gc,heap       ] GC(3) Eden regions: 49->0(47)
[2024-11-08T04:23:35.219+0700][gc,heap       ] GC(3) Survivor regions: 2->4(7)
[2024-11-08T04:23:35.219+0700][gc,heap       ] GC(3) Old regions: 10->10
[2024-11-08T04:23:35.219+0700][gc,heap       ] GC(3) Humongous regions: 129->129
[2024-11-08T04:23:35.219+0700][gc,metaspace  ] GC(3) Metaspace: 28181K(29184K)->28181K(29184K) NonClass: 24874K(25344K)->24874K(25344K) Class: 3307K(3840K)->3307K(3840K)
[2024-11-08T04:23:35.220+0700][gc            ] GC(3) Pause Young (Normal) (G1 Evacuation Pause) 187M->140M(1024M) 6.429ms
[2024-11-08T04:23:35.220+0700][gc,cpu        ] GC(3) User=0.02s Sys=0.00s Real=0.01s
[2024-11-08T04:23:36.255+0700][gc,start      ] GC(4) Pause Young (Concurrent Start) (Metadata GC Threshold)
[2024-11-08T04:23:36.256+0700][gc,task       ] GC(4) Using 8 workers of 8 for evacuation
[2024-11-08T04:23:36.266+0700][gc,phases     ] GC(4)   Pre Evacuate Collection Set: 0.1ms
[2024-11-08T04:23:36.266+0700][gc,phases     ] GC(4)   Evacuate Collection Set: 9.0ms
[2024-11-08T04:23:36.266+0700][gc,phases     ] GC(4)   Post Evacuate Collection Set: 0.7ms
[2024-11-08T04:23:36.266+0700][gc,phases     ] GC(4)   Other: 0.7ms
[2024-11-08T04:23:36.267+0700][gc,heap       ] GC(4) Eden regions: 43->0(44)
[2024-11-08T04:23:36.267+0700][gc,heap       ] GC(4) Survivor regions: 4->7(7)
[2024-11-08T04:23:36.267+0700][gc,heap       ] GC(4) Old regions: 10->10
[2024-11-08T04:23:36.268+0700][gc,heap       ] GC(4) Humongous regions: 129->129
[2024-11-08T04:23:36.268+0700][gc,metaspace  ] GC(4) Metaspace: 34438K(35840K)->34438K(35840K) NonClass: 30421K(31232K)->30421K(31232K) Class: 4017K(4608K)->4017K(4608K)
[2024-11-08T04:23:36.269+0700][gc            ] GC(4) Pause Young (Concurrent Start) (Metadata GC Threshold) 182M->144M(1024M) 13.339ms
[2024-11-08T04:23:36.269+0700][gc,cpu        ] GC(4) User=0.07s Sys=0.00s Real=0.02s
[2024-11-08T04:23:36.269+0700][gc            ] GC(5) Concurrent Cycle
[2024-11-08T04:23:36.270+0700][gc,marking    ] GC(5) Concurrent Clear Claimed Marks
[2024-11-08T04:23:36.270+0700][gc,marking    ] GC(5) Concurrent Clear Claimed Marks 0.296ms
[2024-11-08T04:23:36.270+0700][gc,marking    ] GC(5) Concurrent Scan Root Regions
[2024-11-08T04:23:36.273+0700][gc,marking    ] GC(5) Concurrent Scan Root Regions 2.477ms
[2024-11-08T04:23:36.273+0700][gc,marking    ] GC(5) Concurrent Mark (7.627s)
[2024-11-08T04:23:36.273+0700][gc,marking    ] GC(5) Concurrent Mark From Roots
[2024-11-08T04:23:36.273+0700][gc,task       ] GC(5) Using 2 workers of 2 for marking
[2024-11-08T04:23:36.278+0700][gc,marking    ] GC(5) Concurrent Mark From Roots 4.530ms
[2024-11-08T04:23:36.278+0700][gc,marking    ] GC(5) Concurrent Preclean
[2024-11-08T04:23:36.278+0700][gc,marking    ] GC(5) Concurrent Preclean 0.253ms
[2024-11-08T04:23:36.278+0700][gc,marking    ] GC(5) Concurrent Mark (7.627s, 7.632s) 5.361ms
[2024-11-08T04:23:36.279+0700][gc,start      ] GC(5) Pause Remark
[2024-11-08T04:23:36.282+0700][gc,stringtable] GC(5) Cleaned string and symbol table, strings: 10064 processed, 9 removed, symbols: 84971 processed, 16 removed
[2024-11-08T04:23:36.283+0700][gc            ] GC(5) Pause Remark 144M->144M(1024M) 3.802ms
[2024-11-08T04:23:36.283+0700][gc,cpu        ] GC(5) User=0.02s Sys=0.00s Real=0.00s
[2024-11-08T04:23:36.283+0700][gc,marking    ] GC(5) Concurrent Rebuild Remembered Sets
[2024-11-08T04:23:36.287+0700][gc,marking    ] GC(5) Concurrent Rebuild Remembered Sets 3.381ms
[2024-11-08T04:23:36.287+0700][gc,start      ] GC(5) Pause Cleanup
[2024-11-08T04:23:36.288+0700][gc            ] GC(5) Pause Cleanup 145M->145M(1024M) 0.552ms
[2024-11-08T04:23:36.288+0700][gc,cpu        ] GC(5) User=0.00s Sys=0.00s Real=0.00s
[2024-11-08T04:23:36.288+0700][gc,marking    ] GC(5) Concurrent Cleanup for Next Mark
[2024-11-08T04:23:36.295+0700][gc,marking    ] GC(5) Concurrent Cleanup for Next Mark 6.851ms
[2024-11-08T04:23:36.296+0700][gc            ] GC(5) Concurrent Cycle 26.300ms
[2024-11-08T04:23:41.100+0700][gc,start      ] GC(6) Pause Young (Normal) (G1 Evacuation Pause)
[2024-11-08T04:23:41.101+0700][gc,task       ] GC(6) Using 8 workers of 8 for evacuation
[2024-11-08T04:23:41.110+0700][gc,phases     ] GC(6)   Pre Evacuate Collection Set: 0.1ms
[2024-11-08T04:23:41.117+0700][gc,phases     ] GC(6)   Evacuate Collection Set: 6.5ms
[2024-11-08T04:23:41.117+0700][gc,phases     ] GC(6)   Post Evacuate Collection Set: 2.0ms
[2024-11-08T04:23:41.118+0700][gc,phases     ] GC(6)   Other: 1.1ms
[2024-11-08T04:23:41.118+0700][gc,heap       ] GC(6) Eden regions: 44->0(48)
[2024-11-08T04:23:41.118+0700][gc,heap       ] GC(6) Survivor regions: 7->3(7)
[2024-11-08T04:23:41.119+0700][gc,heap       ] GC(6) Old regions: 10->15
[2024-11-08T04:23:41.125+0700][gc,heap       ] GC(6) Humongous regions: 141->0
[2024-11-08T04:23:41.125+0700][gc,metaspace  ] GC(6) Metaspace: 40997K(43340K)->40997K(43340K) NonClass: 35797K(37068K)->35797K(37068K) Class: 5199K(6272K)->5199K(6272K)
[2024-11-08T04:23:41.126+0700][gc            ] GC(6) Pause Young (Normal) (G1 Evacuation Pause) 200M->16M(1024M) 25.683ms
[2024-11-08T04:23:41.133+0700][gc,cpu        ] GC(6) User=0.04s Sys=0.01s Real=0.03s
[2024-11-08T04:23:42.627+0700][gc,heap,exit  ] Heap
[2024-11-08T04:23:42.627+0700][gc,heap,exit  ]  garbage-first heap   total 1048576K, used 20568K [0x00000000c0000000, 0x0000000100000000)
[2024-11-08T04:23:42.627+0700][gc,heap,exit  ]   region size 1024K, 9 young (9216K), 3 survivors (3072K)
[2024-11-08T04:23:42.628+0700][gc,heap,exit  ]  Metaspace       used 41653K, capacity 43838K, committed 44108K, reserved 1087488K
[2024-11-08T04:23:42.628+0700][gc,heap,exit  ]   class space    used 5324K, capacity 6426K, committed 6528K, reserved 1048576K
