[2024-11-08T04:23:48.368+0700][gc,heap] Heap region size: 1M
[2024-11-08T04:23:48.374+0700][gc     ] Using G1
[2024-11-08T04:23:48.375+0700][gc,heap,coops] Heap address: 0x00000000c0000000, size: 1024 MB, Compressed Oops mode: 32-bit
[2024-11-08T04:23:48.375+0700][gc,cds       ] Mark closed archive regions in map: [0x00000000fff00000, 0x00000000fff6bff8]
[2024-11-08T04:23:48.376+0700][gc,cds       ] Mark open archive regions in map: [0x00000000ffe00000, 0x00000000ffe47ff8]
[2024-11-08T04:23:49.971+0700][gc,start     ] GC(0) Pause Young (Normal) (G1 Evacuation Pause)
[2024-11-08T04:23:49.973+0700][gc,task      ] GC(0) Using 8 workers of 8 for evacuation
[2024-11-08T04:23:49.989+0700][gc,phases    ] GC(0)   Pre Evacuate Collection Set: 0.0ms
[2024-11-08T04:23:49.989+0700][gc,phases    ] GC(0)   Evacuate Collection Set: 14.0ms
[2024-11-08T04:23:49.990+0700][gc,phases    ] GC(0)   Post Evacuate Collection Set: 0.8ms
[2024-11-08T04:23:49.990+0700][gc,phases    ] GC(0)   Other: 2.8ms
[2024-11-08T04:23:49.991+0700][gc,heap      ] GC(0) Eden regions: 51->0(44)
[2024-11-08T04:23:49.991+0700][gc,heap      ] GC(0) Survivor regions: 0->7(7)
[2024-11-08T04:23:49.991+0700][gc,heap      ] GC(0) Old regions: 2->3
[2024-11-08T04:23:49.992+0700][gc,heap      ] GC(0) Humongous regions: 0->0
[2024-11-08T04:23:49.992+0700][gc,metaspace ] GC(0) Metaspace: 13354K(13952K)->13354K(13952K) NonClass: 11663K(12032K)->11663K(12032K) Class: 1691K(1920K)->1691K(1920K)
[2024-11-08T04:23:49.992+0700][gc           ] GC(0) Pause Young (Normal) (G1 Evacuation Pause) 51M->8M(1024M) 21.015ms
[2024-11-08T04:23:49.992+0700][gc,cpu       ] GC(0) User=0.07s Sys=0.04s Real=0.02s
[2024-11-08T04:23:51.040+0700][gc,start     ] GC(1) Pause Young (Concurrent Start) (Metadata GC Threshold)
[2024-11-08T04:23:51.040+0700][gc,task      ] GC(1) Using 8 workers of 8 for evacuation
[2024-11-08T04:23:51.049+0700][gc,phases    ] GC(1)   Pre Evacuate Collection Set: 0.1ms
[2024-11-08T04:23:51.049+0700][gc,phases    ] GC(1)   Evacuate Collection Set: 7.1ms
[2024-11-08T04:23:51.050+0700][gc,phases    ] GC(1)   Post Evacuate Collection Set: 0.7ms
[2024-11-08T04:23:51.050+0700][gc,phases    ] GC(1)   Other: 0.7ms
[2024-11-08T04:23:51.050+0700][gc,heap      ] GC(1) Eden regions: 36->0(49)
[2024-11-08T04:23:51.051+0700][gc,heap      ] GC(1) Survivor regions: 7->2(7)
[2024-11-08T04:23:51.051+0700][gc,heap      ] GC(1) Old regions: 3->10
[2024-11-08T04:23:51.051+0700][gc,heap      ] GC(1) Humongous regions: 0->0
[2024-11-08T04:23:51.052+0700][gc,metaspace ] GC(1) Metaspace: 20561K(21248K)->20561K(21248K) NonClass: 18035K(18432K)->18035K(18432K) Class: 2526K(2816K)->2526K(2816K)
[2024-11-08T04:23:51.052+0700][gc           ] GC(1) Pause Young (Concurrent Start) (Metadata GC Threshold) 43M->9M(1024M) 11.768ms
[2024-11-08T04:23:51.052+0700][gc,cpu       ] GC(1) User=0.04s Sys=0.01s Real=0.01s
[2024-11-08T04:23:51.053+0700][gc           ] GC(2) Concurrent Cycle
[2024-11-08T04:23:51.053+0700][gc,marking   ] GC(2) Concurrent Clear Claimed Marks
[2024-11-08T04:23:51.053+0700][gc,marking   ] GC(2) Concurrent Clear Claimed Marks 0.285ms
[2024-11-08T04:23:51.053+0700][gc,marking   ] GC(2) Concurrent Scan Root Regions
[2024-11-08T04:23:51.055+0700][gc,marking   ] GC(2) Concurrent Scan Root Regions 1.282ms
[2024-11-08T04:23:51.055+0700][gc,marking   ] GC(2) Concurrent Mark (2.739s)
[2024-11-08T04:23:51.055+0700][gc,marking   ] GC(2) Concurrent Mark From Roots
[2024-11-08T04:23:51.055+0700][gc,task      ] GC(2) Using 2 workers of 2 for marking
[2024-11-08T04:23:51.059+0700][gc,marking   ] GC(2) Concurrent Mark From Roots 3.996ms
[2024-11-08T04:23:51.060+0700][gc,marking   ] GC(2) Concurrent Preclean
[2024-11-08T04:23:51.060+0700][gc,marking   ] GC(2) Concurrent Preclean 0.489ms
[2024-11-08T04:23:51.061+0700][gc,marking   ] GC(2) Concurrent Mark (2.739s, 2.744s) 5.721ms
[2024-11-08T04:23:51.061+0700][gc,start     ] GC(2) Pause Remark
[2024-11-08T04:23:51.064+0700][gc,stringtable] GC(2) Cleaned string and symbol table, strings: 5765 processed, 0 removed, symbols: 54149 processed, 45 removed
[2024-11-08T04:23:51.065+0700][gc            ] GC(2) Pause Remark 9M->9M(1024M) 3.526ms
[2024-11-08T04:23:51.065+0700][gc,cpu        ] GC(2) User=0.00s Sys=0.00s Real=0.00s
[2024-11-08T04:23:51.066+0700][gc,marking    ] GC(2) Concurrent Rebuild Remembered Sets
[2024-11-08T04:23:51.068+0700][gc,marking    ] GC(2) Concurrent Rebuild Remembered Sets 2.509ms
[2024-11-08T04:23:51.069+0700][gc,start      ] GC(2) Pause Cleanup
[2024-11-08T04:23:51.069+0700][gc            ] GC(2) Pause Cleanup 9M->9M(1024M) 0.545ms
[2024-11-08T04:23:51.070+0700][gc,cpu        ] GC(2) User=0.00s Sys=0.00s Real=0.00s
[2024-11-08T04:23:51.070+0700][gc,marking    ] GC(2) Concurrent Cleanup for Next Mark
[2024-11-08T04:23:51.079+0700][gc,marking    ] GC(2) Concurrent Cleanup for Next Mark 8.680ms
[2024-11-08T04:23:51.079+0700][gc            ] GC(2) Concurrent Cycle 26.476ms
[2024-11-08T04:23:52.221+0700][gc,start      ] GC(3) Pause Young (Normal) (G1 Evacuation Pause)
[2024-11-08T04:23:52.221+0700][gc,task       ] GC(3) Using 8 workers of 8 for evacuation
[2024-11-08T04:23:52.225+0700][gc,phases     ] GC(3)   Pre Evacuate Collection Set: 0.0ms
[2024-11-08T04:23:52.225+0700][gc,phases     ] GC(3)   Evacuate Collection Set: 2.4ms
[2024-11-08T04:23:52.226+0700][gc,phases     ] GC(3)   Post Evacuate Collection Set: 0.8ms
[2024-11-08T04:23:52.226+0700][gc,phases     ] GC(3)   Other: 0.9ms
[2024-11-08T04:23:52.226+0700][gc,heap       ] GC(3) Eden regions: 49->0(47)
[2024-11-08T04:23:52.227+0700][gc,heap       ] GC(3) Survivor regions: 2->4(7)
[2024-11-08T04:23:52.227+0700][gc,heap       ] GC(3) Old regions: 10->10
[2024-11-08T04:23:52.227+0700][gc,heap       ] GC(3) Humongous regions: 129->129
[2024-11-08T04:23:52.228+0700][gc,metaspace  ] GC(3) Metaspace: 27966K(29184K)->27966K(29184K) NonClass: 24672K(25344K)->24672K(25344K) Class: 3294K(3840K)->3294K(3840K)
[2024-11-08T04:23:52.228+0700][gc            ] GC(3) Pause Young (Normal) (G1 Evacuation Pause) 187M->140M(1024M) 7.185ms
[2024-11-08T04:23:52.228+0700][gc,cpu        ] GC(3) User=0.02s Sys=0.00s Real=0.00s
[2024-11-08T04:23:53.016+0700][gc,start      ] GC(4) Pause Young (Concurrent Start) (Metadata GC Threshold)
[2024-11-08T04:23:53.017+0700][gc,task       ] GC(4) Using 8 workers of 8 for evacuation
[2024-11-08T04:23:53.026+0700][gc,phases     ] GC(4)   Pre Evacuate Collection Set: 0.2ms
[2024-11-08T04:23:53.027+0700][gc,phases     ] GC(4)   Evacuate Collection Set: 7.7ms
[2024-11-08T04:23:53.027+0700][gc,phases     ] GC(4)   Post Evacuate Collection Set: 0.8ms
[2024-11-08T04:23:53.027+0700][gc,phases     ] GC(4)   Other: 1.1ms
[2024-11-08T04:23:53.028+0700][gc,heap       ] GC(4) Eden regions: 44->0(44)
[2024-11-08T04:23:53.028+0700][gc,heap       ] GC(4) Survivor regions: 4->7(7)
[2024-11-08T04:23:53.028+0700][gc,heap       ] GC(4) Old regions: 10->10
[2024-11-08T04:23:53.029+0700][gc,heap       ] GC(4) Humongous regions: 129->129
[2024-11-08T04:23:53.029+0700][gc,metaspace  ] GC(4) Metaspace: 34316K(35840K)->34316K(35840K) NonClass: 30303K(31232K)->30303K(31232K) Class: 4012K(4608K)->4012K(4608K)
[2024-11-08T04:23:53.029+0700][gc            ] GC(4) Pause Young (Concurrent Start) (Metadata GC Threshold) 183M->143M(1024M) 12.859ms
[2024-11-08T04:23:53.030+0700][gc,cpu        ] GC(4) User=0.05s Sys=0.00s Real=0.02s
[2024-11-08T04:23:53.030+0700][gc            ] GC(5) Concurrent Cycle
[2024-11-08T04:23:53.030+0700][gc,marking    ] GC(5) Concurrent Clear Claimed Marks
[2024-11-08T04:23:53.031+0700][gc,marking    ] GC(5) Concurrent Clear Claimed Marks 0.419ms
[2024-11-08T04:23:53.031+0700][gc,marking    ] GC(5) Concurrent Scan Root Regions
[2024-11-08T04:23:53.035+0700][gc,marking    ] GC(5) Concurrent Scan Root Regions 3.839ms
[2024-11-08T04:23:53.036+0700][gc,marking    ] GC(5) Concurrent Mark (4.719s)
[2024-11-08T04:23:53.036+0700][gc,marking    ] GC(5) Concurrent Mark From Roots
[2024-11-08T04:23:53.037+0700][gc,task       ] GC(5) Using 2 workers of 2 for marking
[2024-11-08T04:23:53.041+0700][gc,marking    ] GC(5) Concurrent Mark From Roots 4.728ms
[2024-11-08T04:23:53.041+0700][gc,marking    ] GC(5) Concurrent Preclean
[2024-11-08T04:23:53.042+0700][gc,marking    ] GC(5) Concurrent Preclean 0.353ms
[2024-11-08T04:23:53.042+0700][gc,marking    ] GC(5) Concurrent Mark (4.719s, 4.726s) 6.422ms
[2024-11-08T04:23:53.042+0700][gc,start      ] GC(5) Pause Remark
[2024-11-08T04:23:53.045+0700][gc,stringtable] GC(5) Cleaned string and symbol table, strings: 10056 processed, 8 removed, symbols: 84053 processed, 16 removed
[2024-11-08T04:23:53.046+0700][gc            ] GC(5) Pause Remark 144M->144M(1024M) 3.501ms
[2024-11-08T04:23:53.046+0700][gc,cpu        ] GC(5) User=0.02s Sys=0.00s Real=0.00s
[2024-11-08T04:23:53.047+0700][gc,marking    ] GC(5) Concurrent Rebuild Remembered Sets
[2024-11-08T04:23:53.050+0700][gc,marking    ] GC(5) Concurrent Rebuild Remembered Sets 3.529ms
[2024-11-08T04:23:53.051+0700][gc,start      ] GC(5) Pause Cleanup
[2024-11-08T04:23:53.051+0700][gc            ] GC(5) Pause Cleanup 145M->145M(1024M) 0.598ms
[2024-11-08T04:23:53.052+0700][gc,cpu        ] GC(5) User=0.00s Sys=0.00s Real=0.00s
[2024-11-08T04:23:53.052+0700][gc,marking    ] GC(5) Concurrent Cleanup for Next Mark
[2024-11-08T04:23:53.059+0700][gc,marking    ] GC(5) Concurrent Cleanup for Next Mark 6.412ms
[2024-11-08T04:23:53.059+0700][gc            ] GC(5) Concurrent Cycle 28.802ms
[2024-11-08T04:25:02.905+0700][gc,start      ] GC(6) Pause Young (Normal) (G1 Evacuation Pause)
[2024-11-08T04:25:02.905+0700][gc,task       ] GC(6) Using 8 workers of 8 for evacuation
[2024-11-08T04:25:02.922+0700][gc,phases     ] GC(6)   Pre Evacuate Collection Set: 0.2ms
[2024-11-08T04:25:02.923+0700][gc,phases     ] GC(6)   Evacuate Collection Set: 15.5ms
[2024-11-08T04:25:02.923+0700][gc,phases     ] GC(6)   Post Evacuate Collection Set: 1.5ms
[2024-11-08T04:25:02.923+0700][gc,phases     ] GC(6)   Other: 0.8ms
[2024-11-08T04:25:02.924+0700][gc,heap       ] GC(6) Eden regions: 44->0(48)
[2024-11-08T04:25:02.924+0700][gc,heap       ] GC(6) Survivor regions: 7->3(7)
[2024-11-08T04:25:02.924+0700][gc,heap       ] GC(6) Old regions: 10->16
[2024-11-08T04:25:02.925+0700][gc,heap       ] GC(6) Humongous regions: 141->129
[2024-11-08T04:25:02.925+0700][gc,metaspace  ] GC(6) Metaspace: 40977K(43136K)->40977K(43136K) NonClass: 35833K(36864K)->35833K(36864K) Class: 5144K(6272K)->5144K(6272K)
[2024-11-08T04:25:02.925+0700][gc            ] GC(6) Pause Young (Normal) (G1 Evacuation Pause) 199M->145M(1024M) 20.770ms
[2024-11-08T04:25:02.926+0700][gc,cpu        ] GC(6) User=0.08s Sys=0.04s Real=0.02s
