[2024-11-12T21:13:35.683+0700][gc,heap] Heap region size: 1M
[2024-11-12T21:13:35.689+0700][gc     ] Using G1
[2024-11-12T21:13:35.690+0700][gc,heap,coops] Heap address: 0x00000000c0000000, size: 1024 MB, Compressed Oops mode: 32-bit
[2024-11-12T21:13:35.690+0700][gc,cds       ] Mark closed archive regions in map: [0x00000000fff00000, 0x00000000fff6bff8]
[2024-11-12T21:13:35.691+0700][gc,cds       ] Mark open archive regions in map: [0x00000000ffe00000, 0x00000000ffe47ff8]
[2024-11-12T21:13:38.265+0700][gc,start     ] GC(0) Pause Young (Normal) (G1 Evacuation Pause)
[2024-11-12T21:13:38.267+0700][gc,task      ] GC(0) Using 8 workers of 8 for evacuation
[2024-11-12T21:13:38.305+0700][gc,phases    ] GC(0)   Pre Evacuate Collection Set: 0.0ms
[2024-11-12T21:13:38.306+0700][gc,phases    ] GC(0)   Evacuate Collection Set: 14.3ms
[2024-11-12T21:13:38.306+0700][gc,phases    ] GC(0)   Post Evacuate Collection Set: 1.1ms
[2024-11-12T21:13:38.307+0700][gc,phases    ] GC(0)   Other: 25.3ms
[2024-11-12T21:13:38.307+0700][gc,heap      ] GC(0) Eden regions: 51->0(44)
[2024-11-12T21:13:38.308+0700][gc,heap      ] GC(0) Survivor regions: 0->7(7)
[2024-11-12T21:13:38.308+0700][gc,heap      ] GC(0) Old regions: 2->3
[2024-11-12T21:13:38.308+0700][gc,heap      ] GC(0) Humongous regions: 0->0
[2024-11-12T21:13:38.309+0700][gc,metaspace ] GC(0) Metaspace: 13356K(13952K)->13356K(13952K) NonClass: 11665K(12032K)->11665K(12032K) Class: 1691K(1920K)->1691K(1920K)
[2024-11-12T21:13:38.309+0700][gc           ] GC(0) Pause Young (Normal) (G1 Evacuation Pause) 51M->8M(1024M) 44.287ms
[2024-11-12T21:13:38.309+0700][gc,cpu       ] GC(0) User=0.05s Sys=0.06s Real=0.05s
[2024-11-12T21:13:40.694+0700][gc,start     ] GC(1) Pause Young (Concurrent Start) (Metadata GC Threshold)
[2024-11-12T21:13:40.694+0700][gc,task      ] GC(1) Using 8 workers of 8 for evacuation
[2024-11-12T21:13:40.703+0700][gc,phases    ] GC(1)   Pre Evacuate Collection Set: 0.0ms
[2024-11-12T21:13:40.703+0700][gc,phases    ] GC(1)   Evacuate Collection Set: 7.2ms
[2024-11-12T21:13:40.704+0700][gc,phases    ] GC(1)   Post Evacuate Collection Set: 0.6ms
[2024-11-12T21:13:40.704+0700][gc,phases    ] GC(1)   Other: 1.2ms
[2024-11-12T21:13:40.704+0700][gc,heap      ] GC(1) Eden regions: 36->0(49)
[2024-11-12T21:13:40.705+0700][gc,heap      ] GC(1) Survivor regions: 7->2(7)
[2024-11-12T21:13:40.705+0700][gc,heap      ] GC(1) Old regions: 3->10
[2024-11-12T21:13:40.705+0700][gc,heap      ] GC(1) Humongous regions: 0->0
[2024-11-12T21:13:40.706+0700][gc,metaspace ] GC(1) Metaspace: 20579K(21248K)->20579K(21248K) NonClass: 18047K(18432K)->18047K(18432K) Class: 2532K(2816K)->2532K(2816K)
[2024-11-12T21:13:40.706+0700][gc           ] GC(1) Pause Young (Concurrent Start) (Metadata GC Threshold) 43M->9M(1024M) 12.257ms
[2024-11-12T21:13:40.706+0700][gc,cpu       ] GC(1) User=0.03s Sys=0.01s Real=0.01s
[2024-11-12T21:13:40.707+0700][gc           ] GC(2) Concurrent Cycle
[2024-11-12T21:13:40.707+0700][gc,marking   ] GC(2) Concurrent Clear Claimed Marks
[2024-11-12T21:13:40.707+0700][gc,marking   ] GC(2) Concurrent Clear Claimed Marks 0.267ms
[2024-11-12T21:13:40.707+0700][gc,marking   ] GC(2) Concurrent Scan Root Regions
[2024-11-12T21:13:40.709+0700][gc,marking   ] GC(2) Concurrent Scan Root Regions 1.299ms
[2024-11-12T21:13:40.709+0700][gc,marking   ] GC(2) Concurrent Mark (5.283s)
[2024-11-12T21:13:40.709+0700][gc,marking   ] GC(2) Concurrent Mark From Roots
[2024-11-12T21:13:40.710+0700][gc,task      ] GC(2) Using 2 workers of 2 for marking
[2024-11-12T21:13:40.713+0700][gc,marking   ] GC(2) Concurrent Mark From Roots 4.091ms
[2024-11-12T21:13:40.714+0700][gc,marking   ] GC(2) Concurrent Preclean
[2024-11-12T21:13:40.714+0700][gc,marking   ] GC(2) Concurrent Preclean 0.311ms
[2024-11-12T21:13:40.714+0700][gc,marking   ] GC(2) Concurrent Mark (5.283s, 5.288s) 5.291ms
[2024-11-12T21:13:40.715+0700][gc,start     ] GC(2) Pause Remark
[2024-11-12T21:13:40.717+0700][gc,stringtable] GC(2) Cleaned string and symbol table, strings: 5807 processed, 0 removed, symbols: 54335 processed, 47 removed
[2024-11-12T21:13:40.718+0700][gc            ] GC(2) Pause Remark 9M->9M(1024M) 2.816ms
[2024-11-12T21:13:40.718+0700][gc,cpu        ] GC(2) User=0.01s Sys=0.00s Real=0.01s
[2024-11-12T21:13:40.718+0700][gc,marking    ] GC(2) Concurrent Rebuild Remembered Sets
[2024-11-12T21:13:40.722+0700][gc,marking    ] GC(2) Concurrent Rebuild Remembered Sets 3.377ms
[2024-11-12T21:13:40.722+0700][gc,start      ] GC(2) Pause Cleanup
[2024-11-12T21:13:40.723+0700][gc            ] GC(2) Pause Cleanup 9M->9M(1024M) 0.440ms
[2024-11-12T21:13:40.723+0700][gc,cpu        ] GC(2) User=0.00s Sys=0.00s Real=0.00s
[2024-11-12T21:13:40.723+0700][gc,marking    ] GC(2) Concurrent Cleanup for Next Mark
[2024-11-12T21:13:40.726+0700][gc,marking    ] GC(2) Concurrent Cleanup for Next Mark 3.059ms
[2024-11-12T21:13:40.727+0700][gc            ] GC(2) Concurrent Cycle 20.159ms
[2024-11-12T21:13:42.323+0700][gc,start      ] GC(3) Pause Young (Normal) (G1 Evacuation Pause)
[2024-11-12T21:13:42.323+0700][gc,task       ] GC(3) Using 8 workers of 8 for evacuation
[2024-11-12T21:13:42.327+0700][gc,phases     ] GC(3)   Pre Evacuate Collection Set: 0.0ms
[2024-11-12T21:13:42.328+0700][gc,phases     ] GC(3)   Evacuate Collection Set: 2.5ms
[2024-11-12T21:13:42.328+0700][gc,phases     ] GC(3)   Post Evacuate Collection Set: 0.7ms
[2024-11-12T21:13:42.329+0700][gc,phases     ] GC(3)   Other: 1.3ms
[2024-11-12T21:13:42.329+0700][gc,heap       ] GC(3) Eden regions: 49->0(46)
[2024-11-12T21:13:42.330+0700][gc,heap       ] GC(3) Survivor regions: 2->5(7)
[2024-11-12T21:13:42.330+0700][gc,heap       ] GC(3) Old regions: 10->10
[2024-11-12T21:13:42.330+0700][gc,heap       ] GC(3) Humongous regions: 129->129
[2024-11-12T21:13:42.331+0700][gc,metaspace  ] GC(3) Metaspace: 28637K(29696K)->28637K(29696K) NonClass: 25292K(25856K)->25292K(25856K) Class: 3344K(3840K)->3344K(3840K)
[2024-11-12T21:13:42.331+0700][gc            ] GC(3) Pause Young (Normal) (G1 Evacuation Pause) 187M->141M(1024M) 8.112ms
[2024-11-12T21:13:42.331+0700][gc,cpu        ] GC(3) User=0.01s Sys=0.01s Real=0.01s
[2024-11-12T21:13:43.351+0700][gc,start      ] GC(4) Pause Young (Concurrent Start) (Metadata GC Threshold)
[2024-11-12T21:13:43.352+0700][gc,task       ] GC(4) Using 8 workers of 8 for evacuation
[2024-11-12T21:13:43.358+0700][gc,phases     ] GC(4)   Pre Evacuate Collection Set: 0.1ms
[2024-11-12T21:13:43.359+0700][gc,phases     ] GC(4)   Evacuate Collection Set: 5.1ms
[2024-11-12T21:13:43.359+0700][gc,phases     ] GC(4)   Post Evacuate Collection Set: 1.0ms
[2024-11-12T21:13:43.360+0700][gc,phases     ] GC(4)   Other: 0.9ms
[2024-11-12T21:13:43.360+0700][gc,heap       ] GC(4) Eden regions: 35->0(45)
[2024-11-12T21:13:43.360+0700][gc,heap       ] GC(4) Survivor regions: 5->6(7)
[2024-11-12T21:13:43.361+0700][gc,heap       ] GC(4) Old regions: 10->11
[2024-11-12T21:13:43.361+0700][gc,heap       ] GC(4) Humongous regions: 129->129
[2024-11-12T21:13:43.362+0700][gc,metaspace  ] GC(4) Metaspace: 34616K(35840K)->34616K(35840K) NonClass: 30594K(31232K)->30594K(31232K) Class: 4022K(4608K)->4022K(4608K)
[2024-11-12T21:13:43.362+0700][gc            ] GC(4) Pause Young (Concurrent Start) (Metadata GC Threshold) 175M->143M(1024M) 10.658ms
[2024-11-12T21:13:43.362+0700][gc,cpu        ] GC(4) User=0.05s Sys=0.00s Real=0.01s
[2024-11-12T21:13:43.363+0700][gc            ] GC(5) Concurrent Cycle
[2024-11-12T21:13:43.363+0700][gc,marking    ] GC(5) Concurrent Clear Claimed Marks
[2024-11-12T21:13:43.363+0700][gc,marking    ] GC(5) Concurrent Clear Claimed Marks 0.387ms
[2024-11-12T21:13:43.364+0700][gc,marking    ] GC(5) Concurrent Scan Root Regions
[2024-11-12T21:13:43.366+0700][gc,marking    ] GC(5) Concurrent Scan Root Regions 2.388ms
[2024-11-12T21:13:43.366+0700][gc,marking    ] GC(5) Concurrent Mark (7.940s)
[2024-11-12T21:13:43.367+0700][gc,marking    ] GC(5) Concurrent Mark From Roots
[2024-11-12T21:13:43.367+0700][gc,task       ] GC(5) Using 2 workers of 2 for marking
[2024-11-12T21:13:43.376+0700][gc,marking    ] GC(5) Concurrent Mark From Roots 9.542ms
[2024-11-12T21:13:43.377+0700][gc,marking    ] GC(5) Concurrent Preclean
[2024-11-12T21:13:43.377+0700][gc,marking    ] GC(5) Concurrent Preclean 0.433ms
[2024-11-12T21:13:43.377+0700][gc,marking    ] GC(5) Concurrent Mark (7.940s, 7.951s) 10.785ms
[2024-11-12T21:13:43.378+0700][gc,start      ] GC(5) Pause Remark
[2024-11-12T21:13:43.383+0700][gc,stringtable] GC(5) Cleaned string and symbol table, strings: 11658 processed, 10 removed, symbols: 89412 processed, 12 removed
[2024-11-12T21:13:43.383+0700][gc            ] GC(5) Pause Remark 144M->144M(1024M) 5.594ms
[2024-11-12T21:13:43.384+0700][gc,cpu        ] GC(5) User=0.03s Sys=0.00s Real=0.00s
[2024-11-12T21:13:43.384+0700][gc,marking    ] GC(5) Concurrent Rebuild Remembered Sets
[2024-11-12T21:13:43.388+0700][gc,marking    ] GC(5) Concurrent Rebuild Remembered Sets 3.678ms
[2024-11-12T21:13:43.389+0700][gc,start      ] GC(5) Pause Cleanup
[2024-11-12T21:13:43.390+0700][gc            ] GC(5) Pause Cleanup 145M->145M(1024M) 1.099ms
[2024-11-12T21:13:43.391+0700][gc,cpu        ] GC(5) User=0.00s Sys=0.00s Real=0.00s
[2024-11-12T21:13:43.391+0700][gc,marking    ] GC(5) Concurrent Cleanup for Next Mark
[2024-11-12T21:13:43.398+0700][gc,marking    ] GC(5) Concurrent Cleanup for Next Mark 6.593ms
[2024-11-12T21:13:43.398+0700][gc            ] GC(5) Concurrent Cycle 35.293ms
[2024-11-12T21:15:19.773+0700][gc,start      ] GC(6) Pause Young (Normal) (G1 Evacuation Pause)
[2024-11-12T21:15:19.773+0700][gc,task       ] GC(6) Using 8 workers of 8 for evacuation
[2024-11-12T21:15:19.782+0700][gc,phases     ] GC(6)   Pre Evacuate Collection Set: 0.1ms
[2024-11-12T21:15:19.783+0700][gc,phases     ] GC(6)   Evacuate Collection Set: 6.6ms
[2024-11-12T21:15:19.783+0700][gc,phases     ] GC(6)   Post Evacuate Collection Set: 1.4ms
[2024-11-12T21:15:19.784+0700][gc,phases     ] GC(6)   Other: 1.2ms
[2024-11-12T21:15:19.784+0700][gc,heap       ] GC(6) Eden regions: 45->0(46)
[2024-11-12T21:15:19.784+0700][gc,heap       ] GC(6) Survivor regions: 6->5(7)
[2024-11-12T21:15:19.785+0700][gc,heap       ] GC(6) Old regions: 11->14
[2024-11-12T21:15:19.785+0700][gc,heap       ] GC(6) Humongous regions: 129->129
[2024-11-12T21:15:19.785+0700][gc,metaspace  ] GC(6) Metaspace: 42177K(44492K)->42177K(44492K) NonClass: 36755K(37888K)->36755K(37888K) Class: 5422K(6604K)->5422K(6604K)
[2024-11-12T21:15:19.786+0700][gc            ] GC(6) Pause Young (Normal) (G1 Evacuation Pause) 188M->146M(1024M) 12.650ms
[2024-11-12T21:15:19.786+0700][gc,cpu        ] GC(6) User=0.04s Sys=0.00s Real=0.01s
[2024-11-12T21:16:19.798+0700][gc,start      ] GC(7) Pause Young (Normal) (G1 Evacuation Pause)
[2024-11-12T21:16:19.798+0700][gc,task       ] GC(7) Using 8 workers of 8 for evacuation
[2024-11-12T21:16:19.805+0700][gc,phases     ] GC(7)   Pre Evacuate Collection Set: 0.0ms
[2024-11-12T21:16:19.805+0700][gc,phases     ] GC(7)   Evacuate Collection Set: 5.1ms
[2024-11-12T21:16:19.805+0700][gc,phases     ] GC(7)   Post Evacuate Collection Set: 0.9ms
[2024-11-12T21:16:19.806+0700][gc,phases     ] GC(7)   Other: 1.0ms
[2024-11-12T21:16:19.806+0700][gc,heap       ] GC(7) Eden regions: 46->0(47)
[2024-11-12T21:16:19.806+0700][gc,heap       ] GC(7) Survivor regions: 5->4(7)
[2024-11-12T21:16:19.807+0700][gc,heap       ] GC(7) Old regions: 14->17
[2024-11-12T21:16:19.807+0700][gc,heap       ] GC(7) Humongous regions: 129->129
[2024-11-12T21:16:19.807+0700][gc,metaspace  ] GC(7) Metaspace: 42819K(45260K)->42819K(45260K) NonClass: 37395K(38656K)->37395K(38656K) Class: 5423K(6604K)->5423K(6604K)
[2024-11-12T21:16:19.807+0700][gc            ] GC(7) Pause Young (Normal) (G1 Evacuation Pause) 192M->147M(1024M) 9.938ms
[2024-11-12T21:16:19.808+0700][gc,cpu        ] GC(7) User=0.03s Sys=0.00s Real=0.01s
[2024-11-12T21:17:26.016+0700][gc,start      ] GC(8) Pause Young (Normal) (G1 Evacuation Pause)
[2024-11-12T21:17:26.016+0700][gc,task       ] GC(8) Using 8 workers of 8 for evacuation
[2024-11-12T21:17:26.020+0700][gc,phases     ] GC(8)   Pre Evacuate Collection Set: 0.1ms
[2024-11-12T21:17:26.021+0700][gc,phases     ] GC(8)   Evacuate Collection Set: 2.4ms
[2024-11-12T21:17:26.021+0700][gc,phases     ] GC(8)   Post Evacuate Collection Set: 0.8ms
[2024-11-12T21:17:26.022+0700][gc,phases     ] GC(8)   Other: 1.2ms
[2024-11-12T21:17:26.022+0700][gc,heap       ] GC(8) Eden regions: 47->0(47)
[2024-11-12T21:17:26.022+0700][gc,heap       ] GC(8) Survivor regions: 4->4(7)
[2024-11-12T21:17:26.023+0700][gc,heap       ] GC(8) Old regions: 17->17
[2024-11-12T21:17:26.023+0700][gc,heap       ] GC(8) Humongous regions: 129->129
[2024-11-12T21:17:26.023+0700][gc,metaspace  ] GC(8) Metaspace: 42952K(45516K)->42952K(45516K) NonClass: 37528K(38912K)->37528K(38912K) Class: 5423K(6604K)->5423K(6604K)
[2024-11-12T21:17:26.024+0700][gc            ] GC(8) Pause Young (Normal) (G1 Evacuation Pause) 194M->147M(1024M) 8.188ms
[2024-11-12T21:17:26.024+0700][gc,cpu        ] GC(8) User=0.02s Sys=0.00s Real=0.01s
[2024-11-12T21:18:33.412+0700][gc,start      ] GC(9) Pause Young (Normal) (G1 Evacuation Pause)
[2024-11-12T21:18:33.412+0700][gc,task       ] GC(9) Using 8 workers of 8 for evacuation
[2024-11-12T21:18:33.417+0700][gc,phases     ] GC(9)   Pre Evacuate Collection Set: 0.1ms
[2024-11-12T21:18:33.417+0700][gc,phases     ] GC(9)   Evacuate Collection Set: 3.2ms
[2024-11-12T21:18:33.417+0700][gc,phases     ] GC(9)   Post Evacuate Collection Set: 0.8ms
[2024-11-12T21:18:33.418+0700][gc,phases     ] GC(9)   Other: 0.9ms
[2024-11-12T21:18:33.418+0700][gc,heap       ] GC(9) Eden regions: 47->0(49)
[2024-11-12T21:18:33.418+0700][gc,heap       ] GC(9) Survivor regions: 4->4(7)
[2024-11-12T21:18:33.419+0700][gc,heap       ] GC(9) Old regions: 17->17
[2024-11-12T21:18:33.419+0700][gc,heap       ] GC(9) Humongous regions: 129->129
[2024-11-12T21:18:33.419+0700][gc,metaspace  ] GC(9) Metaspace: 43090K(45516K)->43090K(45516K) NonClass: 37666K(38912K)->37666K(38912K) Class: 5423K(6604K)->5423K(6604K)
[2024-11-12T21:18:33.419+0700][gc            ] GC(9) Pause Young (Normal) (G1 Evacuation Pause) 194M->147M(1024M) 7.782ms
[2024-11-12T21:18:33.420+0700][gc,cpu        ] GC(9) User=0.01s Sys=0.01s Real=0.01s
[2024-11-12T21:19:42.306+0700][gc,start      ] GC(10) Pause Young (Normal) (G1 Evacuation Pause)
[2024-11-12T21:19:42.307+0700][gc,task       ] GC(10) Using 8 workers of 8 for evacuation
[2024-11-12T21:19:42.313+0700][gc,phases     ] GC(10)   Pre Evacuate Collection Set: 0.2ms
[2024-11-12T21:19:42.313+0700][gc,phases     ] GC(10)   Evacuate Collection Set: 4.1ms
[2024-11-12T21:19:42.313+0700][gc,phases     ] GC(10)   Post Evacuate Collection Set: 0.8ms
[2024-11-12T21:19:42.314+0700][gc,phases     ] GC(10)   Other: 1.1ms
[2024-11-12T21:19:42.314+0700][gc,heap       ] GC(10) Eden regions: 49->0(57)
[2024-11-12T21:19:42.315+0700][gc,heap       ] GC(10) Survivor regions: 4->4(7)
[2024-11-12T21:19:42.315+0700][gc,heap       ] GC(10) Old regions: 17->17
[2024-11-12T21:19:42.315+0700][gc,heap       ] GC(10) Humongous regions: 129->129
[2024-11-12T21:19:42.316+0700][gc,metaspace  ] GC(10) Metaspace: 43233K(45772K)->43233K(45772K) NonClass: 37801K(39168K)->37801K(39168K) Class: 5432K(6604K)->5432K(6604K)
[2024-11-12T21:19:42.316+0700][gc            ] GC(10) Pause Young (Normal) (G1 Evacuation Pause) 196M->147M(1024M) 9.367ms
[2024-11-12T21:19:42.316+0700][gc,cpu        ] GC(10) User=0.02s Sys=0.01s Real=0.01s
[2024-11-12T21:20:57.352+0700][gc,start      ] GC(11) Pause Young (Normal) (G1 Evacuation Pause)
[2024-11-12T21:20:57.353+0700][gc,task       ] GC(11) Using 8 workers of 8 for evacuation
[2024-11-12T21:20:57.366+0700][gc,phases     ] GC(11)   Pre Evacuate Collection Set: 0.1ms
[2024-11-12T21:20:57.367+0700][gc,phases     ] GC(11)   Evacuate Collection Set: 11.7ms
[2024-11-12T21:20:57.367+0700][gc,phases     ] GC(11)   Post Evacuate Collection Set: 1.0ms
[2024-11-12T21:20:57.367+0700][gc,phases     ] GC(11)   Other: 1.1ms
[2024-11-12T21:20:57.368+0700][gc,heap       ] GC(11) Eden regions: 57->0(61)
[2024-11-12T21:20:57.368+0700][gc,heap       ] GC(11) Survivor regions: 4->5(8)
[2024-11-12T21:20:57.369+0700][gc,heap       ] GC(11) Old regions: 17->17
[2024-11-12T21:20:57.369+0700][gc,heap       ] GC(11) Humongous regions: 129->129
[2024-11-12T21:20:57.369+0700][gc,metaspace  ] GC(11) Metaspace: 43275K(45772K)->43275K(45772K) NonClass: 37843K(39168K)->37843K(39168K) Class: 5432K(6604K)->5432K(6604K)
[2024-11-12T21:20:57.370+0700][gc            ] GC(11) Pause Young (Normal) (G1 Evacuation Pause) 204M->148M(1024M) 17.181ms
[2024-11-12T21:20:57.370+0700][gc,cpu        ] GC(11) User=0.09s Sys=0.00s Real=0.02s
[2024-11-12T21:22:21.505+0700][gc,start      ] GC(12) Pause Young (Normal) (G1 Evacuation Pause)
[2024-11-12T21:22:21.506+0700][gc,task       ] GC(12) Using 8 workers of 8 for evacuation
[2024-11-12T21:22:21.516+0700][gc,phases     ] GC(12)   Pre Evacuate Collection Set: 0.1ms
[2024-11-12T21:22:21.517+0700][gc,phases     ] GC(12)   Evacuate Collection Set: 8.9ms
[2024-11-12T21:22:21.517+0700][gc,phases     ] GC(12)   Post Evacuate Collection Set: 0.9ms
[2024-11-12T21:22:21.518+0700][gc,phases     ] GC(12)   Other: 1.4ms
[2024-11-12T21:22:21.518+0700][gc,heap       ] GC(12) Eden regions: 61->0(211)
[2024-11-12T21:22:21.519+0700][gc,heap       ] GC(12) Survivor regions: 5->5(9)
[2024-11-12T21:22:21.519+0700][gc,heap       ] GC(12) Old regions: 17->17
[2024-11-12T21:22:21.519+0700][gc,heap       ] GC(12) Humongous regions: 129->129
[2024-11-12T21:22:21.519+0700][gc,metaspace  ] GC(12) Metaspace: 43339K(45772K)->43339K(45772K) NonClass: 37907K(39168K)->37907K(39168K) Class: 5432K(6604K)->5432K(6604K)
[2024-11-12T21:22:21.520+0700][gc            ] GC(12) Pause Young (Normal) (G1 Evacuation Pause) 209M->148M(1024M) 14.603ms
[2024-11-12T21:22:21.520+0700][gc,cpu        ] GC(12) User=0.03s Sys=0.04s Real=0.02s
[2024-11-12T21:27:05.717+0700][gc,start      ] GC(13) Pause Young (Normal) (G1 Evacuation Pause)
[2024-11-12T21:27:05.717+0700][gc,task       ] GC(13) Using 8 workers of 8 for evacuation
[2024-11-12T21:27:05.731+0700][gc,phases     ] GC(13)   Pre Evacuate Collection Set: 0.2ms
[2024-11-12T21:27:05.732+0700][gc,phases     ] GC(13)   Evacuate Collection Set: 12.0ms
[2024-11-12T21:27:05.732+0700][gc,phases     ] GC(13)   Post Evacuate Collection Set: 1.3ms
[2024-11-12T21:27:05.733+0700][gc,phases     ] GC(13)   Other: 0.8ms
[2024-11-12T21:27:05.733+0700][gc,heap       ] GC(13) Eden regions: 211->0(283)
[2024-11-12T21:27:05.733+0700][gc,heap       ] GC(13) Survivor regions: 5->5(27)
[2024-11-12T21:27:05.733+0700][gc,heap       ] GC(13) Old regions: 17->17
[2024-11-12T21:27:05.733+0700][gc,heap       ] GC(13) Humongous regions: 129->129
[2024-11-12T21:27:05.733+0700][gc,metaspace  ] GC(13) Metaspace: 43708K(46284K)->43708K(46284K) NonClass: 38275K(39680K)->38275K(39680K) Class: 5433K(6604K)->5433K(6604K)
[2024-11-12T21:27:05.734+0700][gc            ] GC(13) Pause Young (Normal) (G1 Evacuation Pause) 359M->148M(1024M) 16.527ms
[2024-11-12T21:27:05.734+0700][gc,cpu        ] GC(13) User=0.08s Sys=0.02s Real=0.01s
[2024-11-12T21:33:19.597+0700][gc,start      ] GC(14) Pause Young (Normal) (G1 Evacuation Pause)
[2024-11-12T21:33:19.598+0700][gc,task       ] GC(14) Using 8 workers of 8 for evacuation
[2024-11-12T21:33:19.606+0700][gc,phases     ] GC(14)   Pre Evacuate Collection Set: 0.1ms
[2024-11-12T21:33:19.607+0700][gc,phases     ] GC(14)   Evacuate Collection Set: 6.4ms
[2024-11-12T21:33:19.607+0700][gc,phases     ] GC(14)   Post Evacuate Collection Set: 1.0ms
[2024-11-12T21:33:19.608+0700][gc,phases     ] GC(14)   Other: 1.2ms
[2024-11-12T21:33:19.608+0700][gc,heap       ] GC(14) Eden regions: 283->0(292)
[2024-11-12T21:33:19.609+0700][gc,heap       ] GC(14) Survivor regions: 5->5(36)
[2024-11-12T21:33:19.609+0700][gc,heap       ] GC(14) Old regions: 17->17
[2024-11-12T21:33:19.609+0700][gc,heap       ] GC(14) Humongous regions: 129->129
[2024-11-12T21:33:19.610+0700][gc,metaspace  ] GC(14) Metaspace: 43803K(46284K)->43803K(46284K) NonClass: 38365K(39680K)->38365K(39680K) Class: 5437K(6604K)->5437K(6604K)
[2024-11-12T21:33:19.610+0700][gc            ] GC(14) Pause Young (Normal) (G1 Evacuation Pause) 431M->149M(1024M) 12.809ms
[2024-11-12T21:33:19.611+0700][gc,cpu        ] GC(14) User=0.03s Sys=0.02s Real=0.01s
[2024-11-12T21:39:49.029+0700][gc,start      ] GC(15) Pause Young (Normal) (G1 Evacuation Pause)
[2024-11-12T21:39:49.029+0700][gc,task       ] GC(15) Using 8 workers of 8 for evacuation
[2024-11-12T21:39:49.038+0700][gc,phases     ] GC(15)   Pre Evacuate Collection Set: 0.1ms
[2024-11-12T21:39:49.039+0700][gc,phases     ] GC(15)   Evacuate Collection Set: 6.9ms
[2024-11-12T21:39:49.039+0700][gc,phases     ] GC(15)   Post Evacuate Collection Set: 1.5ms
[2024-11-12T21:39:49.039+0700][gc,phases     ] GC(15)   Other: 1.0ms
[2024-11-12T21:39:49.039+0700][gc,heap       ] GC(15) Eden regions: 292->0(308)
[2024-11-12T21:39:49.040+0700][gc,heap       ] GC(15) Survivor regions: 5->5(38)
[2024-11-12T21:39:49.040+0700][gc,heap       ] GC(15) Old regions: 17->17
[2024-11-12T21:39:49.040+0700][gc,heap       ] GC(15) Humongous regions: 129->129
[2024-11-12T21:39:49.041+0700][gc,metaspace  ] GC(15) Metaspace: 43899K(46540K)->43899K(46540K) NonClass: 38461K(39936K)->38461K(39936K) Class: 5438K(6604K)->5438K(6604K)
[2024-11-12T21:39:49.041+0700][gc            ] GC(15) Pause Young (Normal) (G1 Evacuation Pause) 441M->149M(1024M) 12.089ms
[2024-11-12T21:39:49.041+0700][gc,cpu        ] GC(15) User=0.04s Sys=0.01s Real=0.01s
[2024-11-12T21:44:35.550+0700][gc,heap,exit  ] Heap
[2024-11-12T21:44:35.551+0700][gc,heap,exit  ]  garbage-first heap   total 1048576K, used 378929K [0x00000000c0000000, 0x0000000100000000)
[2024-11-12T21:44:35.551+0700][gc,heap,exit  ]   region size 1024K, 227 young (232448K), 5 survivors (5120K)
[2024-11-12T21:44:35.551+0700][gc,heap,exit  ]  Metaspace       used 45057K, capacity 47804K, committed 47948K, reserved 1089536K
[2024-11-12T21:44:35.552+0700][gc,heap,exit  ]   class space    used 5700K, capacity 6985K, committed 6988K, reserved 1048576K
