[2024-11-08T04:21:28.475+0700][gc,heap] Heap region size: 1M
[2024-11-08T04:21:28.480+0700][gc     ] Using G1
[2024-11-08T04:21:28.481+0700][gc,heap,coops] Heap address: 0x00000000c0000000, size: 1024 MB, Compressed Oops mode: 32-bit
[2024-11-08T04:21:28.481+0700][gc,cds       ] Mark closed archive regions in map: [0x00000000fff00000, 0x00000000fff6bff8]
[2024-11-08T04:21:28.482+0700][gc,cds       ] Mark open archive regions in map: [0x00000000ffe00000, 0x00000000ffe47ff8]
[2024-11-08T04:21:31.257+0700][gc,start     ] GC(0) Pause Young (Normal) (G1 Evacuation Pause)
[2024-11-08T04:21:31.259+0700][gc,task      ] GC(0) Using 8 workers of 8 for evacuation
[2024-11-08T04:21:31.274+0700][gc,phases    ] GC(0)   Pre Evacuate Collection Set: 0.0ms
[2024-11-08T04:21:31.275+0700][gc,phases    ] GC(0)   Evacuate Collection Set: 11.5ms
[2024-11-08T04:21:31.275+0700][gc,phases    ] GC(0)   Post Evacuate Collection Set: 1.0ms
[2024-11-08T04:21:31.275+0700][gc,phases    ] GC(0)   Other: 4.3ms
[2024-11-08T04:21:31.276+0700][gc,heap      ] GC(0) Eden regions: 51->0(44)
[2024-11-08T04:21:31.276+0700][gc,heap      ] GC(0) Survivor regions: 0->7(7)
[2024-11-08T04:21:31.277+0700][gc,heap      ] GC(0) Old regions: 2->3
[2024-11-08T04:21:31.277+0700][gc,heap      ] GC(0) Humongous regions: 0->0
[2024-11-08T04:21:31.277+0700][gc,metaspace ] GC(0) Metaspace: 13349K(13952K)->13349K(13952K) NonClass: 11657K(12032K)->11657K(12032K) Class: 1691K(1920K)->1691K(1920K)
[2024-11-08T04:21:31.277+0700][gc           ] GC(0) Pause Young (Normal) (G1 Evacuation Pause) 51M->8M(1024M) 20.381ms
[2024-11-08T04:21:31.278+0700][gc,cpu       ] GC(0) User=0.08s Sys=0.01s Real=0.02s
[2024-11-08T04:21:31.350+0700][gc,heap,exit ] Heap
[2024-11-08T04:21:31.351+0700][gc,heap,exit ]  garbage-first heap   total 1048576K, used 11560K [0x00000000c0000000, 0x0000000100000000)
[2024-11-08T04:21:31.351+0700][gc,heap,exit ]   region size 1024K, 11 young (11264K), 7 survivors (7168K)
[2024-11-08T04:21:31.351+0700][gc,heap,exit ]  Metaspace       used 13933K, capacity 14450K, committed 14848K, reserved 1062912K
[2024-11-08T04:21:31.351+0700][gc,heap,exit ]   class space    used 1784K, capacity 1987K, committed 2048K, reserved 1048576K
