[2024-11-12T22:05:40.070+0700][gc,heap] Heap region size: 1M
[2024-11-12T22:05:40.075+0700][gc     ] Using G1
[2024-11-12T22:05:40.075+0700][gc,heap,coops] Heap address: 0x00000000e0000000, size: 512 MB, Compressed Oops mode: 32-bit
[2024-11-12T22:05:40.076+0700][gc,cds       ] Mark closed archive regions in map: [0x00000000fff00000, 0x00000000fff6bff8]
[2024-11-12T22:05:40.076+0700][gc,cds       ] Mark open archive regions in map: [0x00000000ffe00000, 0x00000000ffe47ff8]
[2024-11-12T22:05:43.814+0700][gc,start     ] GC(0) Pause Young (Normal) (G1 Evacuation Pause)
[2024-11-12T22:05:43.816+0700][gc,task      ] GC(0) Using 8 workers of 8 for evacuation
[2024-11-12T22:05:43.857+0700][gc,mmu       ] GC(0) MMU target violated: 21.0ms (20.0ms/21.0ms)
[2024-11-12T22:05:43.858+0700][gc,phases    ] GC(0)   Pre Evacuate Collection Set: 0.0ms
[2024-11-12T22:05:43.859+0700][gc,phases    ] GC(0)   Evacuate Collection Set: 29.9ms
[2024-11-12T22:05:43.859+0700][gc,phases    ] GC(0)   Post Evacuate Collection Set: 3.0ms
[2024-11-12T22:05:43.859+0700][gc,phases    ] GC(0)   Other: 11.1ms
[2024-11-12T22:05:43.860+0700][gc,heap      ] GC(0) Eden regions: 25->0(21)
[2024-11-12T22:05:43.860+0700][gc,heap      ] GC(0) Survivor regions: 0->4(4)
[2024-11-12T22:05:43.860+0700][gc,heap      ] GC(0) Old regions: 2->6
[2024-11-12T22:05:43.860+0700][gc,heap      ] GC(0) Humongous regions: 0->0
[2024-11-12T22:05:43.861+0700][gc,metaspace ] GC(0) Metaspace: 6964K(7680K)->6964K(7680K) NonClass: 6182K(6656K)->6182K(6656K) Class: 782K(1024K)->782K(1024K)
[2024-11-12T22:05:43.861+0700][gc           ] GC(0) Pause Young (Normal) (G1 Evacuation Pause) 25M->8M(512M) 46.821ms
[2024-11-12T22:05:43.861+0700][gc,cpu       ] GC(0) User=0.16s Sys=0.08s Real=0.04s
[2024-11-12T22:16:06.865+0700][gc,heap,exit ] Heap
[2024-11-12T22:16:06.866+0700][gc,heap,exit ]  garbage-first heap   total 524288K, used 22945K [0x00000000e0000000, 0x0000000100000000)
[2024-11-12T22:16:06.866+0700][gc,heap,exit ]   region size 1024K, 20 young (20480K), 4 survivors (4096K)
[2024-11-12T22:16:06.866+0700][gc,heap,exit ]  Metaspace       used 9135K, capacity 9533K, committed 9728K, reserved 1058816K
[2024-11-12T22:16:06.867+0700][gc,heap,exit ]   class space    used 1001K, capacity 1165K, committed 1280K, reserved 1048576K
