[2024-11-07T15:06:36.860+0700][gc,heap] Heap region size: 1M
[2024-11-07T15:06:36.863+0700][gc     ] Using G1
[2024-11-07T15:06:36.864+0700][gc,heap,coops] Heap address: 0x00000000e0000000, size: 512 MB, Compressed Oops mode: 32-bit
[2024-11-07T15:06:36.865+0700][gc,cds       ] Mark closed archive regions in map: [0x00000000fff00000, 0x00000000fff6bff8]
[2024-11-07T15:06:36.865+0700][gc,cds       ] Mark open archive regions in map: [0x00000000ffe00000, 0x00000000ffe47ff8]
[2024-11-07T15:06:38.129+0700][gc,start     ] GC(0) Pause Young (Normal) (G1 Evacuation Pause)
[2024-11-07T15:06:38.130+0700][gc,task      ] GC(0) Using 8 workers of 8 for evacuation
[2024-11-07T15:06:38.148+0700][gc,phases    ] GC(0)   Pre Evacuate Collection Set: 0.0ms
[2024-11-07T15:06:38.149+0700][gc,phases    ] GC(0)   Evacuate Collection Set: 14.8ms
[2024-11-07T15:06:38.149+0700][gc,phases    ] GC(0)   Post Evacuate Collection Set: 0.7ms
[2024-11-07T15:06:38.149+0700][gc,phases    ] GC(0)   Other: 4.0ms
[2024-11-07T15:06:38.150+0700][gc,heap      ] GC(0) Eden regions: 25->0(21)
[2024-11-07T15:06:38.150+0700][gc,heap      ] GC(0) Survivor regions: 0->4(4)
[2024-11-07T15:06:38.150+0700][gc,heap      ] GC(0) Old regions: 2->6
[2024-11-07T15:06:38.151+0700][gc,heap      ] GC(0) Humongous regions: 0->0
[2024-11-07T15:06:38.151+0700][gc,metaspace ] GC(0) Metaspace: 6955K(7680K)->6955K(7680K) NonClass: 6173K(6656K)->6173K(6656K) Class: 781K(1024K)->781K(1024K)
[2024-11-07T15:06:38.151+0700][gc           ] GC(0) Pause Young (Normal) (G1 Evacuation Pause) 25M->8M(512M) 22.769ms
[2024-11-07T15:06:38.152+0700][gc,cpu       ] GC(0) User=0.06s Sys=0.05s Real=0.03s
[2024-11-07T15:38:50.079+0700][gc,heap,exit ] Heap
[2024-11-07T15:38:50.080+0700][gc,heap,exit ]  garbage-first heap   total 524288K, used 25279K [0x00000000e0000000, 0x0000000100000000)
[2024-11-07T15:38:50.080+0700][gc,heap,exit ]   region size 1024K, 21 young (21504K), 4 survivors (4096K)
[2024-11-07T15:38:50.081+0700][gc,heap,exit ]  Metaspace       used 9250K, capacity 9589K, committed 9984K, reserved 1058816K
[2024-11-07T15:38:50.081+0700][gc,heap,exit ]   class space    used 1002K, capacity 1165K, committed 1280K, reserved 1048576K
