[2024-11-08T02:49:08.997+0700][gc,heap] Heap region size: 1M
[2024-11-08T02:49:09.001+0700][gc     ] Using G1
[2024-11-08T02:49:09.002+0700][gc,heap,coops] Heap address: 0x00000000e0000000, size: 512 MB, Compressed Oops mode: 32-bit
[2024-11-08T02:49:09.002+0700][gc,cds       ] Mark closed archive regions in map: [0x00000000fff00000, 0x00000000fff6bff8]
[2024-11-08T02:49:09.003+0700][gc,cds       ] Mark open archive regions in map: [0x00000000ffe00000, 0x00000000ffe47ff8]
[2024-11-08T02:49:19.484+0700][gc,start     ] GC(0) Pause Young (Normal) (G1 Evacuation Pause)
[2024-11-08T02:49:19.486+0700][gc,task      ] GC(0) Using 8 workers of 8 for evacuation
[2024-11-08T02:49:19.504+0700][gc,phases    ] GC(0)   Pre Evacuate Collection Set: 0.0ms
[2024-11-08T02:49:19.504+0700][gc,phases    ] GC(0)   Evacuate Collection Set: 16.0ms
[2024-11-08T02:49:19.505+0700][gc,phases    ] GC(0)   Post Evacuate Collection Set: 0.7ms
[2024-11-08T02:49:19.505+0700][gc,phases    ] GC(0)   Other: 2.9ms
[2024-11-08T02:49:19.506+0700][gc,heap      ] GC(0) Eden regions: 25->0(21)
[2024-11-08T02:49:19.506+0700][gc,heap      ] GC(0) Survivor regions: 0->4(4)
[2024-11-08T02:49:19.506+0700][gc,heap      ] GC(0) Old regions: 2->6
[2024-11-08T02:49:19.507+0700][gc,heap      ] GC(0) Humongous regions: 0->0
[2024-11-08T02:49:19.507+0700][gc,metaspace ] GC(0) Metaspace: 7000K(7680K)->7000K(7680K) NonClass: 6215K(6656K)->6215K(6656K) Class: 784K(1024K)->784K(1024K)
[2024-11-08T02:49:19.508+0700][gc           ] GC(0) Pause Young (Normal) (G1 Evacuation Pause) 25M->8M(512M) 23.676ms
[2024-11-08T02:49:19.508+0700][gc,cpu       ] GC(0) User=0.08s Sys=0.05s Real=0.02s
[2024-11-08T03:54:26.139+0700][gc,heap,exit ] Heap
[2024-11-08T03:54:26.139+0700][gc,heap,exit ]  garbage-first heap   total 524288K, used 29229K [0x00000000e0000000, 0x0000000100000000)
[2024-11-08T03:54:26.140+0700][gc,heap,exit ]   region size 1024K, 25 young (25600K), 4 survivors (4096K)
[2024-11-08T03:54:26.140+0700][gc,heap,exit ]  Metaspace       used 9512K, capacity 9854K, committed 9984K, reserved 1058816K
[2024-11-08T03:54:26.140+0700][gc,heap,exit ]   class space    used 1002K, capacity 1165K, committed 1280K, reserved 1048576K
