[2024-11-07T15:02:02.254+0700][gc,heap] Heap region size: 1M
[2024-11-07T15:02:02.258+0700][gc     ] Using G1
[2024-11-07T15:02:02.259+0700][gc,heap,coops] Heap address: 0x00000000e0000000, size: 512 MB, Compressed Oops mode: 32-bit
[2024-11-07T15:02:02.259+0700][gc,cds       ] Mark closed archive regions in map: [0x00000000fff00000, 0x00000000fff6bff8]
[2024-11-07T15:02:02.260+0700][gc,cds       ] Mark open archive regions in map: [0x00000000ffe00000, 0x00000000ffe47ff8]
[2024-11-07T15:02:16.948+0700][gc,start     ] GC(0) Pause Young (Normal) (G1 Evacuation Pause)
[2024-11-07T15:02:16.949+0700][gc,task      ] GC(0) Using 8 workers of 8 for evacuation
[2024-11-07T15:02:16.965+0700][gc,phases    ] GC(0)   Pre Evacuate Collection Set: 0.1ms
[2024-11-07T15:02:16.966+0700][gc,phases    ] GC(0)   Evacuate Collection Set: 14.4ms
[2024-11-07T15:02:16.967+0700][gc,phases    ] GC(0)   Post Evacuate Collection Set: 0.9ms
[2024-11-07T15:02:16.967+0700][gc,phases    ] GC(0)   Other: 2.3ms
[2024-11-07T15:02:16.968+0700][gc,heap      ] GC(0) Eden regions: 25->0(21)
[2024-11-07T15:02:16.968+0700][gc,heap      ] GC(0) Survivor regions: 0->4(4)
[2024-11-07T15:02:16.968+0700][gc,heap      ] GC(0) Old regions: 2->6
[2024-11-07T15:02:16.969+0700][gc,heap      ] GC(0) Humongous regions: 0->0
[2024-11-07T15:02:16.969+0700][gc,metaspace ] GC(0) Metaspace: 6960K(7424K)->6960K(7424K) NonClass: 6178K(6400K)->6178K(6400K) Class: 782K(1024K)->782K(1024K)
[2024-11-07T15:02:16.969+0700][gc           ] GC(0) Pause Young (Normal) (G1 Evacuation Pause) 25M->8M(512M) 21.601ms
[2024-11-07T15:02:16.970+0700][gc,cpu       ] GC(0) User=0.06s Sys=0.05s Real=0.02s
[2024-11-07T15:02:27.131+0700][gc,heap,exit ] Heap
[2024-11-07T15:02:27.132+0700][gc,heap,exit ]  garbage-first heap   total 524288K, used 15736K [0x00000000e0000000, 0x0000000100000000)
[2024-11-07T15:02:27.132+0700][gc,heap,exit ]   region size 1024K, 12 young (12288K), 4 survivors (4096K)
[2024-11-07T15:02:27.133+0700][gc,heap,exit ]  Metaspace       used 8242K, capacity 8593K, committed 8832K, reserved 1056768K
[2024-11-07T15:02:27.133+0700][gc,heap,exit ]   class space    used 920K, capacity 1065K, committed 1152K, reserved 1048576K
