[2024-11-12T21:12:48.777+0700][gc,heap] Heap region size: 1M
[2024-11-12T21:12:48.780+0700][gc     ] Using G1
[2024-11-12T21:12:48.781+0700][gc,heap,coops] Heap address: 0x00000000e0000000, size: 512 MB, Compressed Oops mode: 32-bit
[2024-11-12T21:12:48.781+0700][gc,cds       ] Mark closed archive regions in map: [0x00000000fff00000, 0x00000000fff6bff8]
[2024-11-12T21:12:48.782+0700][gc,cds       ] Mark open archive regions in map: [0x00000000ffe00000, 0x00000000ffe47ff8]
[2024-11-12T21:13:02.241+0700][gc,start     ] GC(0) Pause Young (Normal) (G1 Evacuation Pause)
[2024-11-12T21:13:02.242+0700][gc,task      ] GC(0) Using 8 workers of 8 for evacuation
[2024-11-12T21:13:02.259+0700][gc,phases    ] GC(0)   Pre Evacuate Collection Set: 0.0ms
[2024-11-12T21:13:02.259+0700][gc,phases    ] GC(0)   Evacuate Collection Set: 15.0ms
[2024-11-12T21:13:02.260+0700][gc,phases    ] GC(0)   Post Evacuate Collection Set: 0.7ms
[2024-11-12T21:13:02.260+0700][gc,phases    ] GC(0)   Other: 2.3ms
[2024-11-12T21:13:02.260+0700][gc,heap      ] GC(0) Eden regions: 25->0(21)
[2024-11-12T21:13:02.261+0700][gc,heap      ] GC(0) Survivor regions: 0->4(4)
[2024-11-12T21:13:02.261+0700][gc,heap      ] GC(0) Old regions: 2->6
[2024-11-12T21:13:02.262+0700][gc,heap      ] GC(0) Humongous regions: 0->0
[2024-11-12T21:13:02.262+0700][gc,metaspace ] GC(0) Metaspace: 6971K(7680K)->6971K(7680K) NonClass: 6189K(6656K)->6189K(6656K) Class: 782K(1024K)->782K(1024K)
[2024-11-12T21:13:02.262+0700][gc           ] GC(0) Pause Young (Normal) (G1 Evacuation Pause) 25M->8M(512M) 21.331ms
[2024-11-12T21:13:02.263+0700][gc,cpu       ] GC(0) User=0.12s Sys=0.00s Real=0.02s
[2024-11-12T21:44:24.564+0700][gc,heap,exit ] Heap
[2024-11-12T21:44:24.564+0700][gc,heap,exit ]  garbage-first heap   total 524288K, used 24272K [0x00000000e0000000, 0x0000000100000000)
[2024-11-12T21:44:24.565+0700][gc,heap,exit ]   region size 1024K, 21 young (21504K), 4 survivors (4096K)
[2024-11-12T21:44:24.565+0700][gc,heap,exit ]  Metaspace       used 9248K, capacity 9597K, committed 9984K, reserved 1058816K
[2024-11-12T21:44:24.565+0700][gc,heap,exit ]   class space    used 1001K, capacity 1165K, committed 1280K, reserved 1048576K
