[2024-11-08T03:55:38.239+0700][gc,heap] Heap region size: 1M
[2024-11-08T03:55:38.243+0700][gc     ] Using G1
[2024-11-08T03:55:38.243+0700][gc,heap,coops] Heap address: 0x00000000e0000000, size: 512 MB, Compressed Oops mode: 32-bit
[2024-11-08T03:55:38.244+0700][gc,cds       ] Mark closed archive regions in map: [0x00000000fff00000, 0x00000000fff6bff8]
[2024-11-08T03:55:38.244+0700][gc,cds       ] Mark open archive regions in map: [0x00000000ffe00000, 0x00000000ffe47ff8]
[2024-11-08T03:55:40.544+0700][gc,start     ] GC(0) Pause Young (Normal) (G1 Evacuation Pause)
[2024-11-08T03:55:40.546+0700][gc,task      ] GC(0) Using 8 workers of 8 for evacuation
[2024-11-08T03:55:40.561+0700][gc,phases    ] GC(0)   Pre Evacuate Collection Set: 0.0ms
[2024-11-08T03:55:40.562+0700][gc,phases    ] GC(0)   Evacuate Collection Set: 14.0ms
[2024-11-08T03:55:40.562+0700][gc,phases    ] GC(0)   Post Evacuate Collection Set: 0.9ms
[2024-11-08T03:55:40.562+0700][gc,phases    ] GC(0)   Other: 2.1ms
[2024-11-08T03:55:40.563+0700][gc,heap      ] GC(0) Eden regions: 25->0(21)
[2024-11-08T03:55:40.563+0700][gc,heap      ] GC(0) Survivor regions: 0->4(4)
[2024-11-08T03:55:40.563+0700][gc,heap      ] GC(0) Old regions: 2->6
[2024-11-08T03:55:40.564+0700][gc,heap      ] GC(0) Humongous regions: 0->0
[2024-11-08T03:55:40.564+0700][gc,metaspace ] GC(0) Metaspace: 6968K(7680K)->6968K(7680K) NonClass: 6186K(6656K)->6186K(6656K) Class: 781K(1024K)->781K(1024K)
[2024-11-08T03:55:40.564+0700][gc           ] GC(0) Pause Young (Normal) (G1 Evacuation Pause) 25M->8M(512M) 19.884ms
[2024-11-08T03:55:40.564+0700][gc,cpu       ] GC(0) User=0.11s Sys=0.01s Real=0.02s
[2024-11-08T04:25:04.904+0700][gc,heap,exit ] Heap
[2024-11-08T04:25:04.907+0700][gc,heap,exit ]  garbage-first heap   total 524288K, used 28248K [0x00000000e0000000, 0x0000000100000000)
[2024-11-08T04:25:04.908+0700][gc,heap,exit ]   region size 1024K, 24 young (24576K), 4 survivors (4096K)
[2024-11-08T04:25:04.909+0700][gc,heap,exit ]  Metaspace       used 9534K, capacity 9918K, committed 10240K, reserved 1058816K
[2024-11-08T04:25:04.909+0700][gc,heap,exit ]   class space    used 1002K, capacity 1165K, committed 1280K, reserved 1048576K
